---
http_interactions:
- request:
    method: get
    uri: https://management.core.windows.net:8443/<SUBSCRIPTION_ID>/services/sqlservers/servers
    body:
      encoding: US-ASCII
      string: ''
    headers:
      User-Agent:
      - Azure-SDK-For-Ruby/0.7.1
      x-ms-date:
      - Mon, 11 Apr 2016 22:06:42 GMT
      x-ms-version:
      - '2012-03-01'
      DataServiceVersion:
      - 1.0;NetFx
      MaxDataServiceVersion:
      - 2.0;NetFx
      Content-Type:
      - application/xml
      Content-Length:
      - '0'
  response:
    status:
      code: 200
      message: 
    headers:
      cache-control:
      - no-cache
      content-length:
      - '65'
      content-type:
      - application/xml; charset=utf-8
      server:
      - 1.0.6198.353 (rd_rdfe_stable.160407-1306) Microsoft-HTTPAPI/2.0
      x-ms-servedbyregion:
      - ussouth3
      x-ms-request-id:
      - 1b79c5ea59d09f7dac8f60d845f444a7
      date:
      - Mon, 11 Apr 2016 22:06:39 GMT
      connection:
      - close
    body:
      encoding: UTF-8
      string: <Servers xmlns="http://schemas.microsoft.com/sqlazure/2010/12/"/>
    http_version: 
  recorded_at: Mon, 11 Apr 2016 22:06:42 GMT
- request:
    method: post
    uri: https://management.core.windows.net:8443/<SUBSCRIPTION_ID>/services/sqlservers/servers
    body:
      encoding: UTF-8
      string: |
        <?xml version="1.0"?>
        <Server xmlns="http://schemas.microsoft.com/sqlazure/2010/12/">
          <AdministratorLogin>test_login</AdministratorLogin>
          <AdministratorLoginPassword>User1@123</AdministratorLoginPassword>
          <Location>Southeast Asia</Location>
          <Version>12.0</Version>
        </Server>
    headers:
      User-Agent:
      - Azure-SDK-For-Ruby/0.7.1
      x-ms-date:
      - Mon, 11 Apr 2016 22:06:42 GMT
      x-ms-version:
      - '2012-03-01'
      DataServiceVersion:
      - 1.0;NetFx
      MaxDataServiceVersion:
      - 2.0;NetFx
      Content-Type:
      - application/xml
      Content-Length:
      - '283'
      Content-MD5:
      - nv4hateMeNoCm9rN23PlhA==
  response:
    status:
      code: 201
      message: 
    headers:
      cache-control:
      - no-cache
      content-length:
      - '149'
      content-type:
      - application/xml; charset=utf-8
      server:
      - 1.0.6198.353 (rd_rdfe_stable.160407-1306) Microsoft-HTTPAPI/2.0
      x-ms-servedbyregion:
      - ussouth3
      x-ms-request-id:
      - f4f839a26a8a9d8caaf495708f1357a8
      date:
      - Mon, 11 Apr 2016 22:07:11 GMT
      connection:
      - close
    body:
      encoding: UTF-8
      string: <ServerName FullyQualifiedDomainName="pih7ge09is.database.windows.net"
        xmlns="http://schemas.microsoft.com/sqlazure/2010/12/">pih7ge09is</ServerName>
    http_version: 
  recorded_at: Mon, 11 Apr 2016 22:07:16 GMT
- request:
    method: get
    uri: https://management.core.windows.net:8443/<SUBSCRIPTION_ID>/services/sqlservers/servers
    body:
      encoding: US-ASCII
      string: ''
    headers:
      User-Agent:
      - Azure-SDK-For-Ruby/0.7.1
      x-ms-date:
      - Mon, 11 Apr 2016 22:07:16 GMT
      x-ms-version:
      - '2012-03-01'
      DataServiceVersion:
      - 1.0;NetFx
      MaxDataServiceVersion:
      - 2.0;NetFx
      Content-Type:
      - application/xml
      Content-Length:
      - '0'
  response:
    status:
      code: 200
      message: 
    headers:
      cache-control:
      - no-cache
      content-length:
      - '364'
      content-type:
      - application/xml; charset=utf-8
      server:
      - 1.0.6198.353 (rd_rdfe_stable.160407-1306) Microsoft-HTTPAPI/2.0
      x-ms-servedbyregion:
      - ussouth3
      x-ms-request-id:
      - 7fae08f8e9c49801a459c3f0c041eedf
      date:
      - Mon, 11 Apr 2016 22:07:14 GMT
      connection:
      - close
    body:
      encoding: UTF-8
      string: |-
        <Servers xmlns="http://schemas.microsoft.com/sqlazure/2010/12/">
          <Server>
            <Name>pih7ge09is</Name>
            <AdministratorLogin>test_login</AdministratorLogin>
            <Location>Southeast Asia</Location>
            <FullyQualifiedDomainName>pih7ge09is.database.windows.net</FullyQualifiedDomainName>
            <Version>12.0</Version>
            <State>Ready</State>
          </Server>
        </Servers>
    http_version: 
  recorded_at: Mon, 11 Apr 2016 22:07:18 GMT
- request:
    method: post
    uri: https://management.core.windows.net:8443/<SUBSCRIPTION_ID>/services/sqlservers/servers/pih7ge09is?op=ResetPassword
    body:
      encoding: UTF-8
      string: |
        <?xml version="1.0"?>
        <AdministratorLoginPassword xmlns="http://schemas.microsoft.com/sqlazure/2010/12/">weak</AdministratorLoginPassword>
    headers:
      User-Agent:
      - Azure-SDK-For-Ruby/0.7.1
      x-ms-date:
      - Mon, 11 Apr 2016 22:07:18 GMT
      x-ms-version:
      - '2012-03-01'
      DataServiceVersion:
      - 1.0;NetFx
      MaxDataServiceVersion:
      - 2.0;NetFx
      Content-Type:
      - application/xml
      Content-Length:
      - '139'
      Content-MD5:
      - AxWlCVyizcq9wUM7tNZffg==
  response:
    status:
      code: 400
      message: 
    headers:
      content-length:
      - '1881'
      content-type:
      - application/xml; charset=utf-8
      server:
      - Microsoft-HTTPAPI/2.0
      date:
      - Mon, 11 Apr 2016 22:07:17 GMT
      connection:
      - close
    body:
      encoding: UTF-8
      string: |-
        <string xmlns="http://schemas.microsoft.com/2003/10/Serialization/">&lt;?xml version="1.0" encoding="utf-8"?&gt;&#xD;
        &lt;!DOCTYPE html PUBLIC "-//W3C//DTD XHTML 1.0 Transitional//EN" "http://www.w3.org/TR/xhtml1/DTD/xhtml1-transitional.dtd"&gt;&#xD;
        &lt;html xmlns="http://www.w3.org/1999/xhtml"&gt;&#xD;
          &lt;head&gt;&#xD;
            &lt;title&gt;Request Error&lt;/title&gt;&#xD;
            &lt;style&gt;BODY { color: #000000; background-color: white; font-family: Verdana; margin-left: 0px; margin-top: 0px; } #content { margin-left: 30px; font-size: .70em; padding-bottom: 2em; } A:link { color: #336699; font-weight: bold; text-decoration: underline; } A:visited { color: #6699cc; font-weight: bold; text-decoration: underline; } A:active { color: #336699; font-weight: bold; text-decoration: underline; } .heading1 { background-color: #003366; border-bottom: #336699 6px solid; color: #ffffff; font-family: Tahoma; font-size: 26px; font-weight: normal;margin: 0em 0em 10px -20px; padding-bottom: 8px; padding-left: 30px;padding-top: 16px;} pre { font-size:small; background-color: #e5e5cc; padding: 5px; font-family: Courier New; margin-top: 0px; border: 1px #f0f0e0 solid; white-space: pre-wrap; white-space: -pre-wrap; word-wrap: break-word; } table { border-collapse: collapse; border-spacing: 0px; font-family: Verdana;} table th { border-right: 2px white solid; border-bottom: 2px white solid; font-weight: bold; background-color: #cecf9c;} table td { border-right: 2px white solid; border-bottom: 2px white solid; background-color: #e5e5cc;}&lt;/style&gt;&#xD;
          &lt;/head&gt;&#xD;
          &lt;body&gt;&#xD;
            &lt;div id="content"&gt;&#xD;
              &lt;p class="heading1"&gt;Request Error&lt;/p&gt;&#xD;
              &lt;p&gt;The server encountered an error processing the request. See server logs for more details.&lt;/p&gt;&#xD;
            &lt;/div&gt;&#xD;
          &lt;/body&gt;&#xD;
        &lt;/html&gt;</string>
    http_version: 
  recorded_at: Mon, 11 Apr 2016 22:07:20 GMT
- request:
    method: get
    uri: https://management.core.windows.net:8443/<SUBSCRIPTION_ID>/services/sqlservers/servers
    body:
      encoding: US-ASCII
      string: ''
    headers:
      User-Agent:
      - Azure-SDK-For-Ruby/0.7.1
      x-ms-date:
      - Mon, 11 Apr 2016 22:07:20 GMT
      x-ms-version:
      - '2012-03-01'
      DataServiceVersion:
      - 1.0;NetFx
      MaxDataServiceVersion:
      - 2.0;NetFx
      Content-Type:
      - application/xml
      Content-Length:
      - '0'
  response:
    status:
      code: 200
      message: 
    headers:
      cache-control:
      - no-cache
      content-length:
      - '364'
      content-type:
      - application/xml; charset=utf-8
      server:
      - 1.0.6198.353 (rd_rdfe_stable.160407-1306) Microsoft-HTTPAPI/2.0
      x-ms-servedbyregion:
      - ussouth3
      x-ms-request-id:
      - 51a1e246a52a9ad595e22a53f72001d7
      date:
      - Mon, 11 Apr 2016 22:07:17 GMT
      connection:
      - close
    body:
      encoding: UTF-8
      string: |-
        <Servers xmlns="http://schemas.microsoft.com/sqlazure/2010/12/">
          <Server>
            <Name>pih7ge09is</Name>
            <AdministratorLogin>test_login</AdministratorLogin>
            <Location>Southeast Asia</Location>
            <FullyQualifiedDomainName>pih7ge09is.database.windows.net</FullyQualifiedDomainName>
            <Version>12.0</Version>
            <State>Ready</State>
          </Server>
        </Servers>
    http_version: 
  recorded_at: Mon, 11 Apr 2016 22:07:21 GMT
- request:
    method: delete
    uri: https://management.core.windows.net:8443/<SUBSCRIPTION_ID>/services/sqlservers/servers/pih7ge09is
    body:
      encoding: US-ASCII
      string: ''
    headers:
      User-Agent:
      - Azure-SDK-For-Ruby/0.7.1
      x-ms-date:
      - Mon, 11 Apr 2016 22:07:21 GMT
      x-ms-version:
      - '2012-03-01'
      DataServiceVersion:
      - 1.0;NetFx
      MaxDataServiceVersion:
      - 2.0;NetFx
      Content-Type:
      - application/xml
      Content-Length:
      - '0'
  response:
    status:
      code: 200
      message: 
    headers:
      cache-control:
      - no-cache
      transfer-encoding:
      - chunked
      server:
      - 1.0.6198.353 (rd_rdfe_stable.160407-1306) Microsoft-HTTPAPI/2.0
      x-ms-servedbyregion:
      - ussouth3
      x-ms-request-id:
      - 128603e30b1c9600908a5a14bca33e99
      date:
      - Mon, 11 Apr 2016 22:07:20 GMT
      connection:
      - close
    body:
      encoding: UTF-8
      string: ''
    http_version: 
  recorded_at: Mon, 11 Apr 2016 22:07:24 GMT
recorded_with: VCR 3.0.1
