---
http_interactions:
- request:
    method: get
    uri: https://login.windows.net/<AZURE_TENANT_ID>/oauth2/token
    body:
      encoding: UTF-8
      string: resource=https%3A%2F%2Fmanagement.core.windows.net%2F&client_id=<AZURE_CLIENT_ID>&client_secret=<AZURE_CLIENT_SECRET>&grant_type=client_credentials
    headers:
      User-Agent:
      - Faraday v0.9.2
      content-type:
      - application/x-www-form-urlencoded
  response:
    status:
      code: 200
      message: 
    headers:
      cache-control:
      - no-cache, no-store
      pragma:
      - no-cache
      content-type:
      - application/json; charset=utf-8
      expires:
      - "-1"
      server:
      - Microsoft-IIS/8.5
      x-ms-request-id:
      - 88511fdc-48f4-4bc8-ae9a-5c1543d05374
      client-request-id:
      - 4ebd5505-d972-4aa8-baaa-fb1dfee2d32a
      x-ms-gateway-service-instanceid:
      - ESTSFE_IN_391
      x-content-type-options:
      - nosniff
      strict-transport-security:
      - max-age=31536000; includeSubDomains
      p3p:
      - CP="DSP CUR OTPi IND OTRi ONL FIN"
      set-cookie:
      - flight-uxoptin=true; path=/; secure; HttpOnly, x-ms-gateway-slice=productionb;
        path=/; secure; HttpOnly, stsservicecookie=ests; path=/; secure; HttpOnly
      x-powered-by:
      - ASP.NET
      date:
      - Sun, 24 Apr 2016 16:59:09 GMT
      connection:
      - close
      content-length:
      - '1234'
    body:
      encoding: UTF-8
      string: '{"token_type":"Bearer","expires_in":"3599","expires_on":"1461520750","not_before":"1461516850","resource":"https://management.core.windows.net/","access_token":"<ACCESS_TOKEN>"}'
    http_version: 
  recorded_at: Sun, 24 Apr 2016 16:59:10 GMT
- request:
    method: put
    uri: https://management.azure.com/subscriptions/<AZURE_SUBSCRIPTION_ID>/resourcegroups/RubySDKTest_azure_mgmt_network?api-version=2015-11-01
    body:
      encoding: UTF-8
      string: '{"location":"westus"}'
    headers:
      User-Agent:
      - Azure-SDK-For-Ruby/0.2.1/
      x-ms-client-request-id:
      - 3c703c15-bf15-47d9-acfd-d043caa094e6
      accept-language:
      - en-US
      Content-Type:
      - application/json; charset=utf-8
  response:
    status:
      code: 201
      message: 
    headers:
      cache-control:
      - no-cache
      pragma:
      - no-cache
      content-length:
      - '213'
      content-type:
      - application/json; charset=utf-8
      expires:
      - "-1"
      x-ms-ratelimit-remaining-subscription-writes:
      - '1198'
      x-ms-request-id:
      - 821e63ee-9a61-45ae-a7bd-e376aac842aa
      x-ms-correlation-request-id:
      - 821e63ee-9a61-45ae-a7bd-e376aac842aa
      x-ms-routing-request-id:
      - WESTUS:20160424T165910Z:821e63ee-9a61-45ae-a7bd-e376aac842aa
      strict-transport-security:
      - max-age=31536000; includeSubDomains
      date:
      - Sun, 24 Apr 2016 16:59:10 GMT
      connection:
      - close
    body:
      encoding: UTF-8
      string: '{"id":"/subscriptions/<AZURE_SUBSCRIPTION_ID>/resourceGroups/RubySDKTest_azure_mgmt_network","name":"RubySDKTest_azure_mgmt_network","location":"westus","properties":{"provisioningState":"Succeeded"}}'
    http_version: 
  recorded_at: Sun, 24 Apr 2016 16:59:10 GMT
- request:
    method: put
    uri: https://management.azure.com/subscriptions/<AZURE_SUBSCRIPTION_ID>/resourceGroups/RubySDKTest_azure_mgmt_network/providers/Microsoft.Network/networkSecurityGroups/sec73484?api-version=2015-06-15
    body:
      encoding: UTF-8
      string: '{"name":"sec73484","location":"westus"}'
    headers:
      User-Agent:
      - Azure-SDK-For-Ruby/0.2.1/
      x-ms-client-request-id:
      - 235b74c9-9053-4129-af67-fa87d2b4f1d5
      accept-language:
      - en-US
      Content-Type:
      - application/json; charset=utf-8
  response:
    status:
      code: 201
      message: 
    headers:
      cache-control:
      - no-cache
      pragma:
      - no-cache
      content-length:
      - '5196'
      content-type:
      - application/json; charset=utf-8
      expires:
      - "-1"
      retry-after: '1'
      x-ms-request-id:
      - 189134bf-e541-412b-9f86-35c1bb2e56df
      azure-asyncoperation:
      - https://management.azure.com/subscriptions/<AZURE_SUBSCRIPTION_ID>/providers/Microsoft.Network/locations/westus/operations/189134bf-e541-412b-9f86-35c1bb2e56df?api-version=2015-06-15
      strict-transport-security:
      - max-age=31536000; includeSubDomains
      server:
      - Microsoft-HTTPAPI/2.0, Microsoft-HTTPAPI/2.0
      x-ms-ratelimit-remaining-subscription-writes:
      - '1197'
      x-ms-correlation-request-id:
      - 788027b1-c775-421d-b540-282cade531ed
      x-ms-routing-request-id:
      - WESTUS:20160424T165911Z:788027b1-c775-421d-b540-282cade531ed
      date:
      - Sun, 24 Apr 2016 16:59:10 GMT
      connection:
      - close
    body:
      encoding: UTF-8
      string: "{\r\n  \"name\": \"sec73484\",\r\n  \"id\": \"/subscriptions/<AZURE_SUBSCRIPTION_ID>/resourceGroups/RubySDKTest_azure_mgmt_network/providers/Microsoft.Network/networkSecurityGroups/sec73484\",\r\n
        \ \"etag\": \"W/\\\"ae45014b-8286-42a0-94ff-778f9dcffbc4\\\"\",\r\n  \"type\":
        \"Microsoft.Network/networkSecurityGroups\",\r\n  \"location\": \"westus\",\r\n
        \ \"properties\": {\r\n    \"provisioningState\": \"Updating\",\r\n    \"resourceGuid\":
        \"e7a9890b-3924-4396-9ea0-66ff61ab5e6f\",\r\n    \"securityRules\": [],\r\n
        \   \"defaultSecurityRules\": [\r\n      {\r\n        \"name\": \"AllowVnetInBound\",\r\n
        \       \"id\": \"/subscriptions/<AZURE_SUBSCRIPTION_ID>/resourceGroups/RubySDKTest_azure_mgmt_network/providers/Microsoft.Network/networkSecurityGroups/sec73484/defaultSecurityRules/AllowVnetInBound\",\r\n
        \       \"etag\": \"W/\\\"ae45014b-8286-42a0-94ff-778f9dcffbc4\\\"\",\r\n
        \       \"properties\": {\r\n          \"provisioningState\": \"Updating\",\r\n
        \         \"description\": \"Allow inbound traffic from all VMs in VNET\",\r\n
        \         \"protocol\": \"*\",\r\n          \"sourcePortRange\": \"*\",\r\n
        \         \"destinationPortRange\": \"*\",\r\n          \"sourceAddressPrefix\":
        \"VirtualNetwork\",\r\n          \"destinationAddressPrefix\": \"VirtualNetwork\",\r\n
        \         \"access\": \"Allow\",\r\n          \"priority\": 65000,\r\n          \"direction\":
        \"Inbound\"\r\n        }\r\n      },\r\n      {\r\n        \"name\": \"AllowAzureLoadBalancerInBound\",\r\n
        \       \"id\": \"/subscriptions/<AZURE_SUBSCRIPTION_ID>/resourceGroups/RubySDKTest_azure_mgmt_network/providers/Microsoft.Network/networkSecurityGroups/sec73484/defaultSecurityRules/AllowAzureLoadBalancerInBound\",\r\n
        \       \"etag\": \"W/\\\"ae45014b-8286-42a0-94ff-778f9dcffbc4\\\"\",\r\n
        \       \"properties\": {\r\n          \"provisioningState\": \"Updating\",\r\n
        \         \"description\": \"Allow inbound traffic from azure load balancer\",\r\n
        \         \"protocol\": \"*\",\r\n          \"sourcePortRange\": \"*\",\r\n
        \         \"destinationPortRange\": \"*\",\r\n          \"sourceAddressPrefix\":
        \"AzureLoadBalancer\",\r\n          \"destinationAddressPrefix\": \"*\",\r\n
        \         \"access\": \"Allow\",\r\n          \"priority\": 65001,\r\n          \"direction\":
        \"Inbound\"\r\n        }\r\n      },\r\n      {\r\n        \"name\": \"DenyAllInBound\",\r\n
        \       \"id\": \"/subscriptions/<AZURE_SUBSCRIPTION_ID>/resourceGroups/RubySDKTest_azure_mgmt_network/providers/Microsoft.Network/networkSecurityGroups/sec73484/defaultSecurityRules/DenyAllInBound\",\r\n
        \       \"etag\": \"W/\\\"ae45014b-8286-42a0-94ff-778f9dcffbc4\\\"\",\r\n
        \       \"properties\": {\r\n          \"provisioningState\": \"Updating\",\r\n
        \         \"description\": \"Deny all inbound traffic\",\r\n          \"protocol\":
        \"*\",\r\n          \"sourcePortRange\": \"*\",\r\n          \"destinationPortRange\":
        \"*\",\r\n          \"sourceAddressPrefix\": \"*\",\r\n          \"destinationAddressPrefix\":
        \"*\",\r\n          \"access\": \"Deny\",\r\n          \"priority\": 65500,\r\n
        \         \"direction\": \"Inbound\"\r\n        }\r\n      },\r\n      {\r\n
        \       \"name\": \"AllowVnetOutBound\",\r\n        \"id\": \"/subscriptions/<AZURE_SUBSCRIPTION_ID>/resourceGroups/RubySDKTest_azure_mgmt_network/providers/Microsoft.Network/networkSecurityGroups/sec73484/defaultSecurityRules/AllowVnetOutBound\",\r\n
        \       \"etag\": \"W/\\\"ae45014b-8286-42a0-94ff-778f9dcffbc4\\\"\",\r\n
        \       \"properties\": {\r\n          \"provisioningState\": \"Updating\",\r\n
        \         \"description\": \"Allow outbound traffic from all VMs to all VMs
        in VNET\",\r\n          \"protocol\": \"*\",\r\n          \"sourcePortRange\":
        \"*\",\r\n          \"destinationPortRange\": \"*\",\r\n          \"sourceAddressPrefix\":
        \"VirtualNetwork\",\r\n          \"destinationAddressPrefix\": \"VirtualNetwork\",\r\n
        \         \"access\": \"Allow\",\r\n          \"priority\": 65000,\r\n          \"direction\":
        \"Outbound\"\r\n        }\r\n      },\r\n      {\r\n        \"name\": \"AllowInternetOutBound\",\r\n
        \       \"id\": \"/subscriptions/<AZURE_SUBSCRIPTION_ID>/resourceGroups/RubySDKTest_azure_mgmt_network/providers/Microsoft.Network/networkSecurityGroups/sec73484/defaultSecurityRules/AllowInternetOutBound\",\r\n
        \       \"etag\": \"W/\\\"ae45014b-8286-42a0-94ff-778f9dcffbc4\\\"\",\r\n
        \       \"properties\": {\r\n          \"provisioningState\": \"Updating\",\r\n
        \         \"description\": \"Allow outbound traffic from all VMs to Internet\",\r\n
        \         \"protocol\": \"*\",\r\n          \"sourcePortRange\": \"*\",\r\n
        \         \"destinationPortRange\": \"*\",\r\n          \"sourceAddressPrefix\":
        \"*\",\r\n          \"destinationAddressPrefix\": \"Internet\",\r\n          \"access\":
        \"Allow\",\r\n          \"priority\": 65001,\r\n          \"direction\": \"Outbound\"\r\n
        \       }\r\n      },\r\n      {\r\n        \"name\": \"DenyAllOutBound\",\r\n
        \       \"id\": \"/subscriptions/<AZURE_SUBSCRIPTION_ID>/resourceGroups/RubySDKTest_azure_mgmt_network/providers/Microsoft.Network/networkSecurityGroups/sec73484/defaultSecurityRules/DenyAllOutBound\",\r\n
        \       \"etag\": \"W/\\\"ae45014b-8286-42a0-94ff-778f9dcffbc4\\\"\",\r\n
        \       \"properties\": {\r\n          \"provisioningState\": \"Updating\",\r\n
        \         \"description\": \"Deny all outbound traffic\",\r\n          \"protocol\":
        \"*\",\r\n          \"sourcePortRange\": \"*\",\r\n          \"destinationPortRange\":
        \"*\",\r\n          \"sourceAddressPrefix\": \"*\",\r\n          \"destinationAddressPrefix\":
        \"*\",\r\n          \"access\": \"Deny\",\r\n          \"priority\": 65500,\r\n
        \         \"direction\": \"Outbound\"\r\n        }\r\n      }\r\n    ]\r\n
        \ }\r\n}"
    http_version: 
  recorded_at: Sun, 24 Apr 2016 16:59:11 GMT
- request:
    method: get
    uri: https://management.azure.com/subscriptions/<AZURE_SUBSCRIPTION_ID>/providers/Microsoft.Network/locations/westus/operations/189134bf-e541-412b-9f86-35c1bb2e56df?api-version=2015-06-15
    body:
      encoding: US-ASCII
      string: ''
    headers:
      User-Agent:
      - Azure-SDK-For-Ruby/0.2.1/
      x-ms-client-request-id:
      - 2557dad7-b8c8-4d5b-97fb-bad227138923
      accept-language:
      - en-US
      Content-Type:
      - application/json
  response:
    status:
      code: 200
      message: 
    headers:
      cache-control:
      - no-cache
      pragma:
      - no-cache
      content-type:
      - application/json; charset=utf-8
      expires:
      - "-1"
      vary:
      - Accept-Encoding
      x-ms-request-id:
      - 2de5185a-82a8-4969-a630-48c9c57f8bd2
      strict-transport-security:
      - max-age=31536000; includeSubDomains
      server:
      - Microsoft-HTTPAPI/2.0, Microsoft-HTTPAPI/2.0
      x-ms-ratelimit-remaining-subscription-reads:
      - '14999'
      x-ms-correlation-request-id:
      - 7cceba24-382d-40b6-9225-9b722b4f8b33
      x-ms-routing-request-id:
      - WESTUS:20160424T165941Z:7cceba24-382d-40b6-9225-9b722b4f8b33
      date:
      - Sun, 24 Apr 2016 16:59:41 GMT
      connection:
      - close
    body:
      encoding: ASCII-8BIT
      string: "{\r\n  \"status\": \"Succeeded\"\r\n}"
    http_version: 
  recorded_at: Sun, 24 Apr 2016 16:59:41 GMT
- request:
    method: get
    uri: https://management.azure.com/subscriptions/<AZURE_SUBSCRIPTION_ID>/resourceGroups/RubySDKTest_azure_mgmt_network/providers/Microsoft.Network/networkSecurityGroups/sec73484?api-version=2015-06-15
    body:
      encoding: US-ASCII
      string: ''
    headers:
      User-Agent:
      - Azure-SDK-For-Ruby/0.2.1/
      x-ms-client-request-id:
      - bd3793a5-6c5e-41d9-b03b-c81ac421b0a8
      Content-Type:
      - application/json
  response:
    status:
      code: 200
      message: 
    headers:
      cache-control:
      - no-cache
      pragma:
      - no-cache
      content-type:
      - application/json; charset=utf-8
      expires:
      - "-1"
      etag:
      - W/"f56dd7a0-18b2-4ecb-bd17-cf61df245474"
      vary:
      - Accept-Encoding
      x-ms-request-id:
      - 91e9213b-f951-4124-bd6b-68af810ec3e2
      strict-transport-security:
      - max-age=31536000; includeSubDomains
      server:
      - Microsoft-HTTPAPI/2.0, Microsoft-HTTPAPI/2.0
      x-ms-ratelimit-remaining-subscription-reads:
      - '14999'
      x-ms-correlation-request-id:
      - 3735e5ba-66bf-4c2e-a951-13b4e17baa10
      x-ms-routing-request-id:
      - WESTUS:20160424T165942Z:3735e5ba-66bf-4c2e-a951-13b4e17baa10
      date:
      - Sun, 24 Apr 2016 16:59:41 GMT
      connection:
      - close
    body:
      encoding: ASCII-8BIT
      string: "{\r\n  \"name\": \"sec73484\",\r\n  \"id\": \"/subscriptions/<AZURE_SUBSCRIPTION_ID>/resourceGroups/RubySDKTest_azure_mgmt_network/providers/Microsoft.Network/networkSecurityGroups/sec73484\",\r\n
        \ \"etag\": \"W/\\\"f56dd7a0-18b2-4ecb-bd17-cf61df245474\\\"\",\r\n  \"type\":
        \"Microsoft.Network/networkSecurityGroups\",\r\n  \"location\": \"westus\",\r\n
        \ \"properties\": {\r\n    \"provisioningState\": \"Succeeded\",\r\n    \"resourceGuid\":
        \"e7a9890b-3924-4396-9ea0-66ff61ab5e6f\",\r\n    \"securityRules\": [],\r\n
        \   \"defaultSecurityRules\": [\r\n      {\r\n        \"name\": \"AllowVnetInBound\",\r\n
        \       \"id\": \"/subscriptions/<AZURE_SUBSCRIPTION_ID>/resourceGroups/RubySDKTest_azure_mgmt_network/providers/Microsoft.Network/networkSecurityGroups/sec73484/defaultSecurityRules/AllowVnetInBound\",\r\n
        \       \"etag\": \"W/\\\"f56dd7a0-18b2-4ecb-bd17-cf61df245474\\\"\",\r\n
        \       \"properties\": {\r\n          \"provisioningState\": \"Succeeded\",\r\n
        \         \"description\": \"Allow inbound traffic from all VMs in VNET\",\r\n
        \         \"protocol\": \"*\",\r\n          \"sourcePortRange\": \"*\",\r\n
        \         \"destinationPortRange\": \"*\",\r\n          \"sourceAddressPrefix\":
        \"VirtualNetwork\",\r\n          \"destinationAddressPrefix\": \"VirtualNetwork\",\r\n
        \         \"access\": \"Allow\",\r\n          \"priority\": 65000,\r\n          \"direction\":
        \"Inbound\"\r\n        }\r\n      },\r\n      {\r\n        \"name\": \"AllowAzureLoadBalancerInBound\",\r\n
        \       \"id\": \"/subscriptions/<AZURE_SUBSCRIPTION_ID>/resourceGroups/RubySDKTest_azure_mgmt_network/providers/Microsoft.Network/networkSecurityGroups/sec73484/defaultSecurityRules/AllowAzureLoadBalancerInBound\",\r\n
        \       \"etag\": \"W/\\\"f56dd7a0-18b2-4ecb-bd17-cf61df245474\\\"\",\r\n
        \       \"properties\": {\r\n          \"provisioningState\": \"Succeeded\",\r\n
        \         \"description\": \"Allow inbound traffic from azure load balancer\",\r\n
        \         \"protocol\": \"*\",\r\n          \"sourcePortRange\": \"*\",\r\n
        \         \"destinationPortRange\": \"*\",\r\n          \"sourceAddressPrefix\":
        \"AzureLoadBalancer\",\r\n          \"destinationAddressPrefix\": \"*\",\r\n
        \         \"access\": \"Allow\",\r\n          \"priority\": 65001,\r\n          \"direction\":
        \"Inbound\"\r\n        }\r\n      },\r\n      {\r\n        \"name\": \"DenyAllInBound\",\r\n
        \       \"id\": \"/subscriptions/<AZURE_SUBSCRIPTION_ID>/resourceGroups/RubySDKTest_azure_mgmt_network/providers/Microsoft.Network/networkSecurityGroups/sec73484/defaultSecurityRules/DenyAllInBound\",\r\n
        \       \"etag\": \"W/\\\"f56dd7a0-18b2-4ecb-bd17-cf61df245474\\\"\",\r\n
        \       \"properties\": {\r\n          \"provisioningState\": \"Succeeded\",\r\n
        \         \"description\": \"Deny all inbound traffic\",\r\n          \"protocol\":
        \"*\",\r\n          \"sourcePortRange\": \"*\",\r\n          \"destinationPortRange\":
        \"*\",\r\n          \"sourceAddressPrefix\": \"*\",\r\n          \"destinationAddressPrefix\":
        \"*\",\r\n          \"access\": \"Deny\",\r\n          \"priority\": 65500,\r\n
        \         \"direction\": \"Inbound\"\r\n        }\r\n      },\r\n      {\r\n
        \       \"name\": \"AllowVnetOutBound\",\r\n        \"id\": \"/subscriptions/<AZURE_SUBSCRIPTION_ID>/resourceGroups/RubySDKTest_azure_mgmt_network/providers/Microsoft.Network/networkSecurityGroups/sec73484/defaultSecurityRules/AllowVnetOutBound\",\r\n
        \       \"etag\": \"W/\\\"f56dd7a0-18b2-4ecb-bd17-cf61df245474\\\"\",\r\n
        \       \"properties\": {\r\n          \"provisioningState\": \"Succeeded\",\r\n
        \         \"description\": \"Allow outbound traffic from all VMs to all VMs
        in VNET\",\r\n          \"protocol\": \"*\",\r\n          \"sourcePortRange\":
        \"*\",\r\n          \"destinationPortRange\": \"*\",\r\n          \"sourceAddressPrefix\":
        \"VirtualNetwork\",\r\n          \"destinationAddressPrefix\": \"VirtualNetwork\",\r\n
        \         \"access\": \"Allow\",\r\n          \"priority\": 65000,\r\n          \"direction\":
        \"Outbound\"\r\n        }\r\n      },\r\n      {\r\n        \"name\": \"AllowInternetOutBound\",\r\n
        \       \"id\": \"/subscriptions/<AZURE_SUBSCRIPTION_ID>/resourceGroups/RubySDKTest_azure_mgmt_network/providers/Microsoft.Network/networkSecurityGroups/sec73484/defaultSecurityRules/AllowInternetOutBound\",\r\n
        \       \"etag\": \"W/\\\"f56dd7a0-18b2-4ecb-bd17-cf61df245474\\\"\",\r\n
        \       \"properties\": {\r\n          \"provisioningState\": \"Succeeded\",\r\n
        \         \"description\": \"Allow outbound traffic from all VMs to Internet\",\r\n
        \         \"protocol\": \"*\",\r\n          \"sourcePortRange\": \"*\",\r\n
        \         \"destinationPortRange\": \"*\",\r\n          \"sourceAddressPrefix\":
        \"*\",\r\n          \"destinationAddressPrefix\": \"Internet\",\r\n          \"access\":
        \"Allow\",\r\n          \"priority\": 65001,\r\n          \"direction\": \"Outbound\"\r\n
        \       }\r\n      },\r\n      {\r\n        \"name\": \"DenyAllOutBound\",\r\n
        \       \"id\": \"/subscriptions/<AZURE_SUBSCRIPTION_ID>/resourceGroups/RubySDKTest_azure_mgmt_network/providers/Microsoft.Network/networkSecurityGroups/sec73484/defaultSecurityRules/DenyAllOutBound\",\r\n
        \       \"etag\": \"W/\\\"f56dd7a0-18b2-4ecb-bd17-cf61df245474\\\"\",\r\n
        \       \"properties\": {\r\n          \"provisioningState\": \"Succeeded\",\r\n
        \         \"description\": \"Deny all outbound traffic\",\r\n          \"protocol\":
        \"*\",\r\n          \"sourcePortRange\": \"*\",\r\n          \"destinationPortRange\":
        \"*\",\r\n          \"sourceAddressPrefix\": \"*\",\r\n          \"destinationAddressPrefix\":
        \"*\",\r\n          \"access\": \"Deny\",\r\n          \"priority\": 65500,\r\n
        \         \"direction\": \"Outbound\"\r\n        }\r\n      }\r\n    ]\r\n
        \ }\r\n}"
    http_version: 
  recorded_at: Sun, 24 Apr 2016 16:59:41 GMT
- request:
    method: put
    uri: https://management.azure.com/subscriptions/<AZURE_SUBSCRIPTION_ID>/resourceGroups/RubySDKTest_azure_mgmt_network/providers/Microsoft.Network/networkSecurityGroups/sec73484/securityRules/sec_rule_7428?api-version=2015-06-15
    body:
      encoding: UTF-8
      string: '{"properties":{"protocol":"Udp","sourceAddressPrefix":"*","destinationAddressPrefix":"*","access":"Deny","direction":"Outbound","sourcePortRange":"656","destinationPortRange":"123-3500","priority":4095},"name":"sec_rule_7428"}'
    headers:
      User-Agent:
      - Azure-SDK-For-Ruby/0.2.1/
      x-ms-client-request-id:
      - 70ffa7df-8df9-4769-af53-a8e712d652e5
      accept-language:
      - en-US
      Content-Type:
      - application/json; charset=utf-8
  response:
    status:
      code: 201
      message: 
    headers:
      cache-control:
      - no-cache
      pragma:
      - no-cache
      content-length:
      - '590'
      content-type:
      - application/json; charset=utf-8
      expires:
      - "-1"
      retry-after: '1'
      x-ms-request-id:
      - 991028fb-ebb3-41dd-a2b7-6828a9de6420
      azure-asyncoperation:
      - https://management.azure.com/subscriptions/<AZURE_SUBSCRIPTION_ID>/providers/Microsoft.Network/locations/westus/operations/991028fb-ebb3-41dd-a2b7-6828a9de6420?api-version=2015-06-15
      strict-transport-security:
      - max-age=31536000; includeSubDomains
      server:
      - Microsoft-HTTPAPI/2.0, Microsoft-HTTPAPI/2.0
      x-ms-ratelimit-remaining-subscription-writes:
      - '1199'
      x-ms-correlation-request-id:
      - f131448a-4e69-4b39-9b88-4631498c789f
      x-ms-routing-request-id:
      - WESTUS:20160424T165942Z:f131448a-4e69-4b39-9b88-4631498c789f
      date:
      - Sun, 24 Apr 2016 16:59:42 GMT
      connection:
      - close
    body:
      encoding: UTF-8
      string: "{\r\n  \"name\": \"sec_rule_7428\",\r\n  \"id\": \"/subscriptions/<AZURE_SUBSCRIPTION_ID>/resourceGroups/RubySDKTest_azure_mgmt_network/providers/Microsoft.Network/networkSecurityGroups/sec73484/securityRules/sec_rule_7428\",\r\n
        \ \"etag\": \"W/\\\"0b05db65-da0e-4e69-bdee-ffafcbeed27d\\\"\",\r\n  \"properties\":
        {\r\n    \"provisioningState\": \"Updating\",\r\n    \"protocol\": \"Udp\",\r\n
        \   \"sourcePortRange\": \"656\",\r\n    \"destinationPortRange\": \"123-3500\",\r\n
        \   \"sourceAddressPrefix\": \"*\",\r\n    \"destinationAddressPrefix\": \"*\",\r\n
        \   \"access\": \"Deny\",\r\n    \"priority\": 4095,\r\n    \"direction\":
        \"Outbound\"\r\n  }\r\n}"
    http_version: 
  recorded_at: Sun, 24 Apr 2016 16:59:42 GMT
- request:
    method: get
    uri: https://management.azure.com/subscriptions/<AZURE_SUBSCRIPTION_ID>/providers/Microsoft.Network/locations/westus/operations/991028fb-ebb3-41dd-a2b7-6828a9de6420?api-version=2015-06-15
    body:
      encoding: US-ASCII
      string: ''
    headers:
      User-Agent:
      - Azure-SDK-For-Ruby/0.2.1/
      x-ms-client-request-id:
      - 46d947ce-5d7a-471d-bc1c-f91de9b32f14
      accept-language:
      - en-US
      Content-Type:
      - application/json
  response:
    status:
      code: 200
      message: 
    headers:
      cache-control:
      - no-cache
      pragma:
      - no-cache
      content-type:
      - application/json; charset=utf-8
      expires:
      - "-1"
      vary:
      - Accept-Encoding
      x-ms-request-id:
      - c849f214-f601-4fa2-b085-01af57b8dfd6
      strict-transport-security:
      - max-age=31536000; includeSubDomains
      server:
      - Microsoft-HTTPAPI/2.0, Microsoft-HTTPAPI/2.0
      x-ms-ratelimit-remaining-subscription-reads:
      - '14998'
      x-ms-correlation-request-id:
      - 94b31795-62d2-4bd0-9a41-01700c5457b4
      x-ms-routing-request-id:
      - WESTUS:20160424T170013Z:94b31795-62d2-4bd0-9a41-01700c5457b4
      date:
      - Sun, 24 Apr 2016 17:00:13 GMT
      connection:
      - close
    body:
      encoding: ASCII-8BIT
      string: "{\r\n  \"status\": \"Succeeded\"\r\n}"
    http_version: 
  recorded_at: Sun, 24 Apr 2016 17:00:12 GMT
- request:
    method: get
    uri: https://management.azure.com/subscriptions/<AZURE_SUBSCRIPTION_ID>/resourceGroups/RubySDKTest_azure_mgmt_network/providers/Microsoft.Network/networkSecurityGroups/sec73484/securityRules/sec_rule_7428?api-version=2015-06-15
    body:
      encoding: US-ASCII
      string: ''
    headers:
      User-Agent:
      - Azure-SDK-For-Ruby/0.2.1/
      x-ms-client-request-id:
      - a55cc12f-d4a2-4c40-915c-c2152aa6c31b
      Content-Type:
      - application/json
  response:
    status:
      code: 200
      message: 
    headers:
      cache-control:
      - no-cache
      pragma:
      - no-cache
      content-type:
      - application/json; charset=utf-8
      expires:
      - "-1"
      etag:
      - W/"30703e4a-adf5-4c47-9af9-7c9136abe05d"
      vary:
      - Accept-Encoding
      x-ms-request-id:
      - 173cef36-314c-4182-b813-029abe527e00
      strict-transport-security:
      - max-age=31536000; includeSubDomains
      server:
      - Microsoft-HTTPAPI/2.0, Microsoft-HTTPAPI/2.0
      x-ms-ratelimit-remaining-subscription-reads:
      - '14998'
      x-ms-correlation-request-id:
      - f425d99f-a7cd-4cb2-8d24-13869eb0af21
      x-ms-routing-request-id:
      - WESTUS:20160424T170013Z:f425d99f-a7cd-4cb2-8d24-13869eb0af21
      date:
      - Sun, 24 Apr 2016 17:00:13 GMT
      connection:
      - close
    body:
      encoding: ASCII-8BIT
      string: "{\r\n  \"name\": \"sec_rule_7428\",\r\n  \"id\": \"/subscriptions/<AZURE_SUBSCRIPTION_ID>/resourceGroups/RubySDKTest_azure_mgmt_network/providers/Microsoft.Network/networkSecurityGroups/sec73484/securityRules/sec_rule_7428\",\r\n
        \ \"etag\": \"W/\\\"30703e4a-adf5-4c47-9af9-7c9136abe05d\\\"\",\r\n  \"properties\":
        {\r\n    \"provisioningState\": \"Succeeded\",\r\n    \"protocol\": \"Udp\",\r\n
        \   \"sourcePortRange\": \"656\",\r\n    \"destinationPortRange\": \"123-3500\",\r\n
        \   \"sourceAddressPrefix\": \"*\",\r\n    \"destinationAddressPrefix\": \"*\",\r\n
        \   \"access\": \"Deny\",\r\n    \"priority\": 4095,\r\n    \"direction\":
        \"Outbound\"\r\n  }\r\n}"
    http_version: 
  recorded_at: Sun, 24 Apr 2016 17:00:13 GMT
- request:
    method: delete
    uri: https://management.azure.com/subscriptions/<AZURE_SUBSCRIPTION_ID>/resourceGroups/RubySDKTest_azure_mgmt_network/providers/Microsoft.Network/networkSecurityGroups/sec73484/securityRules/sec_rule_7428?api-version=2015-06-15
    body:
      encoding: US-ASCII
      string: ''
    headers:
      User-Agent:
      - Azure-SDK-For-Ruby/0.2.1/
      x-ms-client-request-id:
      - 5d738601-584e-43c9-9324-6dca90d3fff9
      accept-language:
      - en-US
  response:
    status:
      code: 202
      message: 
    headers:
      cache-control:
      - no-cache
      pragma:
      - no-cache
      content-length:
      - '0'
      expires:
      - "-1"
      location:
      - https://management.azure.com/subscriptions/<AZURE_SUBSCRIPTION_ID>/providers/Microsoft.Network/locations/westus/operationResults/6083606e-9efb-4b12-a6bc-3819d689d27e?api-version=2015-06-15
      retry-after: '1'
      x-ms-request-id:
      - 6083606e-9efb-4b12-a6bc-3819d689d27e
      azure-asyncoperation:
      - https://management.azure.com/subscriptions/<AZURE_SUBSCRIPTION_ID>/providers/Microsoft.Network/locations/westus/operations/6083606e-9efb-4b12-a6bc-3819d689d27e?api-version=2015-06-15
      strict-transport-security:
      - max-age=31536000; includeSubDomains
      server:
      - Microsoft-HTTPAPI/2.0, Microsoft-HTTPAPI/2.0
      x-ms-ratelimit-remaining-subscription-writes:
      - '1199'
      x-ms-correlation-request-id:
      - 00559ab2-cc1b-4d19-b49e-d950aff6b82b
      x-ms-routing-request-id:
      - WESTUS:20160424T170014Z:00559ab2-cc1b-4d19-b49e-d950aff6b82b
      date:
      - Sun, 24 Apr 2016 17:00:14 GMT
      connection:
      - close
    body:
      encoding: UTF-8
      string: ''
    http_version: 
  recorded_at: Sun, 24 Apr 2016 17:00:14 GMT
- request:
    method: get
    uri: https://management.azure.com/subscriptions/<AZURE_SUBSCRIPTION_ID>/providers/Microsoft.Network/locations/westus/operations/6083606e-9efb-4b12-a6bc-3819d689d27e?api-version=2015-06-15
    body:
      encoding: US-ASCII
      string: ''
    headers:
      User-Agent:
      - Azure-SDK-For-Ruby/0.2.1/
      x-ms-client-request-id:
      - 9bf1a652-63b4-4eb4-9f94-45158cfd1837
      accept-language:
      - en-US
      Content-Type:
      - application/json
  response:
    status:
      code: 200
      message: 
    headers:
      cache-control:
      - no-cache
      pragma:
      - no-cache
      content-type:
      - application/json; charset=utf-8
      expires:
      - "-1"
      vary:
      - Accept-Encoding
      x-ms-request-id:
      - 45a41d69-6708-4260-8589-d706e3ef2eb2
      strict-transport-security:
      - max-age=31536000; includeSubDomains
      server:
      - Microsoft-HTTPAPI/2.0, Microsoft-HTTPAPI/2.0
      x-ms-ratelimit-remaining-subscription-reads:
      - '14998'
      x-ms-correlation-request-id:
      - 90cdff48-8da1-4b23-9ac9-31e027ce6019
      x-ms-routing-request-id:
      - WESTUS:20160424T170044Z:90cdff48-8da1-4b23-9ac9-31e027ce6019
      date:
      - Sun, 24 Apr 2016 17:00:44 GMT
      connection:
      - close
    body:
      encoding: ASCII-8BIT
      string: "{\r\n  \"status\": \"Succeeded\"\r\n}"
    http_version: 
  recorded_at: Sun, 24 Apr 2016 17:00:44 GMT
- request:
    method: delete
    uri: https://management.azure.com/subscriptions/<AZURE_SUBSCRIPTION_ID>/resourcegroups/RubySDKTest_azure_mgmt_network?api-version=2015-11-01
    body:
      encoding: US-ASCII
      string: ''
    headers:
      User-Agent:
      - Azure-SDK-For-Ruby/0.2.1/
      x-ms-client-request-id:
      - 0a1bccc6-5e46-481b-b473-6ae8ac6ff7f8
      accept-language:
      - en-US
  response:
    status:
      code: 202
      message: 
    headers:
      cache-control:
      - no-cache
      pragma:
      - no-cache
      expires:
      - "-1"
      location:
      - https://management.azure.com/subscriptions/<AZURE_SUBSCRIPTION_ID>/operationresults/eyJqb2JJZCI6IlJFU09VUkNFR1JPVVBERUxFVElPTkpPQi1SVUJZU0RLVEVTVDo1RkFaVVJFOjVGTUdNVDo1Rk5FVFdPUkstV0VTVFVTIiwiam9iTG9jYXRpb24iOiJ3ZXN0dXMifQ?api-version=2015-11-01
      retry-after: '1'
      x-ms-ratelimit-remaining-subscription-writes:
      - '1199'
      x-ms-request-id:
      - 2d1971e5-900b-48a0-8002-58b515d316b7
      x-ms-correlation-request-id:
      - 2d1971e5-900b-48a0-8002-58b515d316b7
      x-ms-routing-request-id:
      - WESTUS:20160424T170045Z:2d1971e5-900b-48a0-8002-58b515d316b7
      strict-transport-security:
      - max-age=31536000; includeSubDomains
      date:
      - Sun, 24 Apr 2016 17:00:45 GMT
      connection:
      - close
      content-length:
      - '0'
    body:
      encoding: UTF-8
      string: ''
    http_version: 
  recorded_at: Sun, 24 Apr 2016 17:00:44 GMT
- request:
    method: get
    uri: https://management.azure.com/subscriptions/<AZURE_SUBSCRIPTION_ID>/operationresults/eyJqb2JJZCI6IlJFU09VUkNFR1JPVVBERUxFVElPTkpPQi1SVUJZU0RLVEVTVDo1RkFaVVJFOjVGTUdNVDo1Rk5FVFdPUkstV0VTVFVTIiwiam9iTG9jYXRpb24iOiJ3ZXN0dXMifQ?api-version=2015-11-01
    body:
      encoding: US-ASCII
      string: ''
    headers:
      User-Agent:
      - Azure-SDK-For-Ruby/0.2.1/
      x-ms-client-request-id:
      - c9c6775e-9021-4e4b-819f-f954ff9543cb
      accept-language:
      - en-US
      Content-Type:
      - application/json
  response:
    status:
      code: 200
      message: 
    headers:
      cache-control:
      - no-cache
      pragma:
      - no-cache
      expires:
      - "-1"
      x-ms-ratelimit-remaining-subscription-reads:
      - '14999'
      x-ms-request-id:
      - 712676b8-a6e8-4f4b-a86a-c736498c7f45
      x-ms-correlation-request-id:
      - 712676b8-a6e8-4f4b-a86a-c736498c7f45
      x-ms-routing-request-id:
      - WESTUS:20160424T170246Z:712676b8-a6e8-4f4b-a86a-c736498c7f45
      strict-transport-security:
      - max-age=31536000; includeSubDomains
      date:
      - Sun, 24 Apr 2016 17:02:46 GMT
      connection:
      - close
      content-length:
      - '0'
    body:
      encoding: UTF-8
      string: ''
    http_version: 
  recorded_at: Sun, 24 Apr 2016 17:02:46 GMT
recorded_with: VCR 3.0.1
