---
http_interactions:
- request:
    method: get
    uri: https://login.windows.net/<AZURE_TENANT_ID>/oauth2/token
    body:
      encoding: UTF-8
      string: resource=https%3A%2F%2Fmanagement.core.windows.net%2F&client_id=<AZURE_CLIENT_ID>&client_secret=<AZURE_CLIENT_SECRET>&grant_type=client_credentials
    headers:
      User-Agent:
      - Faraday v0.9.2
      content-type:
      - application/x-www-form-urlencoded
  response:
    status:
      code: 200
      message: 
    headers:
      cache-control:
      - no-cache, no-store
      pragma:
      - no-cache
      content-type:
      - application/json; charset=utf-8
      expires:
      - "-1"
      server:
      - Microsoft-IIS/8.5
      x-ms-request-id:
      - 7229f6d6-4d0e-48a6-8683-c235133ab6b5
      client-request-id:
      - 0b23acbe-1c5f-45ab-9a79-8f1f1ce5c0cd
      x-ms-gateway-service-instanceid:
      - ESTSFE_IN_166
      x-content-type-options:
      - nosniff
      strict-transport-security:
      - max-age=31536000; includeSubDomains
      p3p:
      - CP="DSP CUR OTPi IND OTRi ONL FIN"
      set-cookie:
      - flight-uxoptin=true; path=/; secure; HttpOnly, x-ms-gateway-slice=productionb;
        path=/; secure; HttpOnly, stsservicecookie=ests; path=/; secure; HttpOnly
      x-powered-by:
      - ASP.NET
      date:
      - Sat, 23 Apr 2016 06:38:18 GMT
      connection:
      - close
      content-length:
      - '1234'
    body:
      encoding: UTF-8
      string: '{"token_type":"Bearer","expires_in":"3599","expires_on":"1461397099","not_before":"1461393199","resource":"https://management.core.windows.net/","access_token":"<ACCESS_TOKEN>"}'
    http_version: 
  recorded_at: Sat, 23 Apr 2016 06:38:19 GMT
- request:
    method: put
    uri: https://management.azure.com/subscriptions/<AZURE_SUBSCRIPTION_ID>/resourcegroups/RubySDKTest_azure_mgmt_network?api-version=2015-11-01
    body:
      encoding: UTF-8
      string: '{"location":"westus"}'
    headers:
      User-Agent:
      - Azure-SDK-For-Ruby/0.2.1/
      x-ms-client-request-id:
      - 3ebec0df-9f30-46bf-a204-f371aef3de5e
      accept-language:
      - en-US
      Content-Type:
      - application/json; charset=utf-8
  response:
    status:
      code: 201
      message: 
    headers:
      cache-control:
      - no-cache
      pragma:
      - no-cache
      content-length:
      - '213'
      content-type:
      - application/json; charset=utf-8
      expires:
      - "-1"
      x-ms-ratelimit-remaining-subscription-writes:
      - '1195'
      x-ms-request-id:
      - 09a996d7-b7b7-43a5-8523-a5601eab6c84
      x-ms-correlation-request-id:
      - 09a996d7-b7b7-43a5-8523-a5601eab6c84
      x-ms-routing-request-id:
      - WESTUS:20160423T063819Z:09a996d7-b7b7-43a5-8523-a5601eab6c84
      strict-transport-security:
      - max-age=31536000; includeSubDomains
      date:
      - Sat, 23 Apr 2016 06:38:19 GMT
      connection:
      - close
    body:
      encoding: UTF-8
      string: '{"id":"/subscriptions/<AZURE_SUBSCRIPTION_ID>/resourceGroups/RubySDKTest_azure_mgmt_network","name":"RubySDKTest_azure_mgmt_network","location":"westus","properties":{"provisioningState":"Succeeded"}}'
    http_version: 
  recorded_at: Sat, 23 Apr 2016 06:38:20 GMT
- request:
    method: put
    uri: https://management.azure.com/subscriptions/<AZURE_SUBSCRIPTION_ID>/resourceGroups/RubySDKTest_azure_mgmt_network/providers/Microsoft.Network/localNetworkGateways/local_gateway2579?api-version=2015-06-15
    body:
      encoding: UTF-8
      string: '{"name":"local_gateway2579","location":"westus","properties":{"localNetworkAddressSpace":{"addressPrefixes":["192.168.0.0/16"]},"gatewayIpAddress":"192.168.3.7"}}'
    headers:
      User-Agent:
      - Azure-SDK-For-Ruby/0.2.1/
      x-ms-client-request-id:
      - 21596793-3d1b-4c6d-9efc-feb137ea771b
      accept-language:
      - en-US
      Content-Type:
      - application/json; charset=utf-8
  response:
    status:
      code: 201
      message: 
    headers:
      cache-control:
      - no-cache
      pragma:
      - no-cache
      content-length:
      - '616'
      content-type:
      - application/json; charset=utf-8
      expires:
      - "-1"
      retry-after: '1'
      x-ms-request-id:
      - 6f6f5890-3ea1-4646-b742-210bef9b9b90
      azure-asyncoperation:
      - https://management.azure.com/subscriptions/<AZURE_SUBSCRIPTION_ID>/providers/Microsoft.Network/locations/westus/operations/6f6f5890-3ea1-4646-b742-210bef9b9b90?api-version=2015-06-15
      strict-transport-security:
      - max-age=31536000; includeSubDomains
      server:
      - Microsoft-HTTPAPI/2.0, Microsoft-HTTPAPI/2.0
      x-ms-ratelimit-remaining-subscription-writes:
      - '1198'
      x-ms-correlation-request-id:
      - 896e041f-b19c-487e-b1a0-25d5c5f8bc35
      x-ms-routing-request-id:
      - WESTUS:20160423T063820Z:896e041f-b19c-487e-b1a0-25d5c5f8bc35
      date:
      - Sat, 23 Apr 2016 06:38:20 GMT
      connection:
      - close
    body:
      encoding: UTF-8
      string: "{\r\n  \"name\": \"local_gateway2579\",\r\n  \"id\": \"/subscriptions/<AZURE_SUBSCRIPTION_ID>/resourceGroups/RubySDKTest_azure_mgmt_network/providers/Microsoft.Network/localNetworkGateways/local_gateway2579\",\r\n
        \ \"etag\": \"W/\\\"4fe88fd3-a4cb-4098-8b13-85d440bb580c\\\"\",\r\n  \"type\":
        \"Microsoft.Network/localNetworkGateways\",\r\n  \"location\": \"westus\",\r\n
        \ \"properties\": {\r\n    \"provisioningState\": \"Updating\",\r\n    \"resourceGuid\":
        \"40e7e21f-9eab-4d1a-98dc-761c1650cf3a\",\r\n    \"localNetworkAddressSpace\":
        {\r\n      \"addressPrefixes\": [\r\n        \"192.168.0.0/16\"\r\n      ]\r\n
        \   },\r\n    \"gatewayIpAddress\": \"192.168.3.7\"\r\n  }\r\n}"
    http_version: 
  recorded_at: Sat, 23 Apr 2016 06:38:21 GMT
- request:
    method: get
    uri: https://management.azure.com/subscriptions/<AZURE_SUBSCRIPTION_ID>/providers/Microsoft.Network/locations/westus/operations/6f6f5890-3ea1-4646-b742-210bef9b9b90?api-version=2015-06-15
    body:
      encoding: US-ASCII
      string: ''
    headers:
      User-Agent:
      - Azure-SDK-For-Ruby/0.2.1/
      x-ms-client-request-id:
      - 1e3fcc83-512a-4e2e-97fc-1736d785aa68
      accept-language:
      - en-US
      Content-Type:
      - application/json
  response:
    status:
      code: 200
      message: 
    headers:
      cache-control:
      - no-cache
      pragma:
      - no-cache
      content-type:
      - application/json; charset=utf-8
      expires:
      - "-1"
      vary:
      - Accept-Encoding
      x-ms-request-id:
      - 1555523e-507b-4220-b70c-8fafc9429654
      strict-transport-security:
      - max-age=31536000; includeSubDomains
      server:
      - Microsoft-HTTPAPI/2.0, Microsoft-HTTPAPI/2.0
      x-ms-ratelimit-remaining-subscription-reads:
      - '14992'
      x-ms-correlation-request-id:
      - 44ecc8a3-4cd2-4313-80dd-c6aabe0d80f8
      x-ms-routing-request-id:
      - WESTUS:20160423T063851Z:44ecc8a3-4cd2-4313-80dd-c6aabe0d80f8
      date:
      - Sat, 23 Apr 2016 06:38:50 GMT
      connection:
      - close
    body:
      encoding: ASCII-8BIT
      string: "{\r\n  \"status\": \"Succeeded\"\r\n}"
    http_version: 
  recorded_at: Sat, 23 Apr 2016 06:38:51 GMT
- request:
    method: get
    uri: https://management.azure.com/subscriptions/<AZURE_SUBSCRIPTION_ID>/resourceGroups/RubySDKTest_azure_mgmt_network/providers/Microsoft.Network/localNetworkGateways/local_gateway2579?api-version=2015-06-15
    body:
      encoding: US-ASCII
      string: ''
    headers:
      User-Agent:
      - Azure-SDK-For-Ruby/0.2.1/
      x-ms-client-request-id:
      - 3a2b7f05-36af-4963-8236-4fecc483e31d
      Content-Type:
      - application/json
  response:
    status:
      code: 200
      message: 
    headers:
      cache-control:
      - no-cache
      pragma:
      - no-cache
      content-type:
      - application/json; charset=utf-8
      expires:
      - "-1"
      etag:
      - W/"d864d9a5-6f3e-4254-bfc9-74b3fdce3abf"
      vary:
      - Accept-Encoding
      x-ms-request-id:
      - 4a8830d2-e93d-4448-9d4e-fbede62470f8
      strict-transport-security:
      - max-age=31536000; includeSubDomains
      server:
      - Microsoft-HTTPAPI/2.0, Microsoft-HTTPAPI/2.0
      x-ms-ratelimit-remaining-subscription-reads:
      - '14878'
      x-ms-correlation-request-id:
      - d9b7a047-c8f4-428e-b343-c2f0abec8589
      x-ms-routing-request-id:
      - WESTUS:20160423T063851Z:d9b7a047-c8f4-428e-b343-c2f0abec8589
      date:
      - Sat, 23 Apr 2016 06:38:51 GMT
      connection:
      - close
    body:
      encoding: ASCII-8BIT
      string: "{\r\n  \"name\": \"local_gateway2579\",\r\n  \"id\": \"/subscriptions/<AZURE_SUBSCRIPTION_ID>/resourceGroups/RubySDKTest_azure_mgmt_network/providers/Microsoft.Network/localNetworkGateways/local_gateway2579\",\r\n
        \ \"etag\": \"W/\\\"d864d9a5-6f3e-4254-bfc9-74b3fdce3abf\\\"\",\r\n  \"type\":
        \"Microsoft.Network/localNetworkGateways\",\r\n  \"location\": \"westus\",\r\n
        \ \"properties\": {\r\n    \"provisioningState\": \"Succeeded\",\r\n    \"resourceGuid\":
        \"40e7e21f-9eab-4d1a-98dc-761c1650cf3a\",\r\n    \"localNetworkAddressSpace\":
        {\r\n      \"addressPrefixes\": [\r\n        \"192.168.0.0/16\"\r\n      ]\r\n
        \   },\r\n    \"gatewayIpAddress\": \"192.168.3.7\"\r\n  }\r\n}"
    http_version: 
  recorded_at: Sat, 23 Apr 2016 06:38:52 GMT
- request:
    method: delete
    uri: https://management.azure.com/subscriptions/<AZURE_SUBSCRIPTION_ID>/resourceGroups/RubySDKTest_azure_mgmt_network/providers/Microsoft.Network/localNetworkGateways/local_gateway2579?api-version=2015-06-15
    body:
      encoding: US-ASCII
      string: ''
    headers:
      User-Agent:
      - Azure-SDK-For-Ruby/0.2.1/
      x-ms-client-request-id:
      - aaed3a15-d140-4d97-81af-cfbfebf78c2b
      accept-language:
      - en-US
  response:
    status:
      code: 202
      message: 
    headers:
      cache-control:
      - no-cache
      pragma:
      - no-cache
      content-length:
      - '0'
      expires:
      - "-1"
      location:
      - https://management.azure.com/subscriptions/<AZURE_SUBSCRIPTION_ID>/providers/Microsoft.Network/locations/westus/operationResults/31adb2e8-d73d-4c7e-a856-fd8315036ab8?api-version=2015-06-15
      retry-after: '1'
      x-ms-request-id:
      - 31adb2e8-d73d-4c7e-a856-fd8315036ab8
      azure-asyncoperation:
      - https://management.azure.com/subscriptions/<AZURE_SUBSCRIPTION_ID>/providers/Microsoft.Network/locations/westus/operations/31adb2e8-d73d-4c7e-a856-fd8315036ab8?api-version=2015-06-15
      strict-transport-security:
      - max-age=31536000; includeSubDomains
      server:
      - Microsoft-HTTPAPI/2.0, Microsoft-HTTPAPI/2.0
      x-ms-ratelimit-remaining-subscription-writes:
      - '1198'
      x-ms-correlation-request-id:
      - bed035e2-bbd7-4696-8088-8d99b8fef8d8
      x-ms-routing-request-id:
      - WESTUS:20160423T063853Z:bed035e2-bbd7-4696-8088-8d99b8fef8d8
      date:
      - Sat, 23 Apr 2016 06:38:52 GMT
      connection:
      - close
    body:
      encoding: UTF-8
      string: ''
    http_version: 
  recorded_at: Sat, 23 Apr 2016 06:38:53 GMT
- request:
    method: get
    uri: https://management.azure.com/subscriptions/<AZURE_SUBSCRIPTION_ID>/providers/Microsoft.Network/locations/westus/operations/31adb2e8-d73d-4c7e-a856-fd8315036ab8?api-version=2015-06-15
    body:
      encoding: US-ASCII
      string: ''
    headers:
      User-Agent:
      - Azure-SDK-For-Ruby/0.2.1/
      x-ms-client-request-id:
      - cebceb14-856e-4def-b0a9-6d3b9f0bdf97
      accept-language:
      - en-US
      Content-Type:
      - application/json
  response:
    status:
      code: 200
      message: 
    headers:
      cache-control:
      - no-cache
      pragma:
      - no-cache
      content-type:
      - application/json; charset=utf-8
      expires:
      - "-1"
      vary:
      - Accept-Encoding
      x-ms-request-id:
      - fc3c5fdf-51bd-47b3-ac39-c8afe3371845
      strict-transport-security:
      - max-age=31536000; includeSubDomains
      server:
      - Microsoft-HTTPAPI/2.0, Microsoft-HTTPAPI/2.0
      x-ms-ratelimit-remaining-subscription-reads:
      - '14997'
      x-ms-correlation-request-id:
      - 5b771231-c0c8-47bf-9028-bd241bb94f17
      x-ms-routing-request-id:
      - WESTUS:20160423T063923Z:5b771231-c0c8-47bf-9028-bd241bb94f17
      date:
      - Sat, 23 Apr 2016 06:39:22 GMT
      connection:
      - close
    body:
      encoding: ASCII-8BIT
      string: "{\r\n  \"status\": \"Succeeded\"\r\n}"
    http_version: 
  recorded_at: Sat, 23 Apr 2016 06:39:24 GMT
- request:
    method: delete
    uri: https://management.azure.com/subscriptions/<AZURE_SUBSCRIPTION_ID>/resourcegroups/RubySDKTest_azure_mgmt_network?api-version=2015-11-01
    body:
      encoding: US-ASCII
      string: ''
    headers:
      User-Agent:
      - Azure-SDK-For-Ruby/0.2.1/
      x-ms-client-request-id:
      - becf80d1-8640-46a9-a6e5-d9d948db4ab6
      accept-language:
      - en-US
  response:
    status:
      code: 202
      message: 
    headers:
      cache-control:
      - no-cache
      pragma:
      - no-cache
      expires:
      - "-1"
      location:
      - https://management.azure.com/subscriptions/<AZURE_SUBSCRIPTION_ID>/operationresults/eyJqb2JJZCI6IlJFU09VUkNFR1JPVVBERUxFVElPTkpPQi1SVUJZU0RLVEVTVDo1RkFaVVJFOjVGTUdNVDo1Rk5FVFdPUkstV0VTVFVTIiwiam9iTG9jYXRpb24iOiJ3ZXN0dXMifQ?api-version=2015-11-01
      retry-after: '1'
      x-ms-ratelimit-remaining-subscription-writes:
      - '1197'
      x-ms-request-id:
      - 1921aca5-aa81-45c4-9e31-4f759c15caeb
      x-ms-correlation-request-id:
      - 1921aca5-aa81-45c4-9e31-4f759c15caeb
      x-ms-routing-request-id:
      - WESTUS:20160423T063924Z:1921aca5-aa81-45c4-9e31-4f759c15caeb
      strict-transport-security:
      - max-age=31536000; includeSubDomains
      date:
      - Sat, 23 Apr 2016 06:39:23 GMT
      connection:
      - close
      content-length:
      - '0'
    body:
      encoding: UTF-8
      string: ''
    http_version: 
  recorded_at: Sat, 23 Apr 2016 06:39:24 GMT
- request:
    method: get
    uri: https://management.azure.com/subscriptions/<AZURE_SUBSCRIPTION_ID>/operationresults/eyJqb2JJZCI6IlJFU09VUkNFR1JPVVBERUxFVElPTkpPQi1SVUJZU0RLVEVTVDo1RkFaVVJFOjVGTUdNVDo1Rk5FVFdPUkstV0VTVFVTIiwiam9iTG9jYXRpb24iOiJ3ZXN0dXMifQ?api-version=2015-11-01
    body:
      encoding: US-ASCII
      string: ''
    headers:
      User-Agent:
      - Azure-SDK-For-Ruby/0.2.1/
      x-ms-client-request-id:
      - 746b2e5d-7eb9-4a44-b113-42bb14388270
      accept-language:
      - en-US
      Content-Type:
      - application/json
  response:
    status:
      code: 200
      message: 
    headers:
      cache-control:
      - no-cache
      pragma:
      - no-cache
      expires:
      - "-1"
      x-ms-ratelimit-remaining-subscription-reads:
      - '14997'
      x-ms-request-id:
      - 14935751-2c9c-4661-93ac-a4a91ed68be0
      x-ms-correlation-request-id:
      - 14935751-2c9c-4661-93ac-a4a91ed68be0
      x-ms-routing-request-id:
      - WESTUS:20160423T063954Z:14935751-2c9c-4661-93ac-a4a91ed68be0
      strict-transport-security:
      - max-age=31536000; includeSubDomains
      date:
      - Sat, 23 Apr 2016 06:39:54 GMT
      connection:
      - close
      content-length:
      - '0'
    body:
      encoding: UTF-8
      string: ''
    http_version: 
  recorded_at: Sat, 23 Apr 2016 06:39:54 GMT
recorded_with: VCR 3.0.1
