---
http_interactions:
- request:
    method: get
    uri: https://login.windows.net/<AZURE_TENANT_ID>/oauth2/token
    body:
      encoding: UTF-8
      string: resource=https%3A%2F%2Fmanagement.core.windows.net%2F&client_id=<AZURE_CLIENT_ID>&client_secret=<AZURE_CLIENT_SECRET>&grant_type=client_credentials
    headers:
      User-Agent:
      - Faraday v0.9.2
      content-type:
      - application/x-www-form-urlencoded
  response:
    status:
      code: 200
      message: 
    headers:
      cache-control:
      - no-cache, no-store
      pragma:
      - no-cache
      content-type:
      - application/json; charset=utf-8
      expires:
      - "-1"
      server:
      - Microsoft-IIS/8.5
      x-ms-request-id:
      - c5ff5183-30c2-4522-8c17-d605f6e199a4
      client-request-id:
      - 7aab3642-2169-4e2c-b5b6-a66381ca5079
      x-ms-gateway-service-instanceid:
      - ESTSFE_IN_510
      x-content-type-options:
      - nosniff
      strict-transport-security:
      - max-age=31536000; includeSubDomains
      p3p:
      - CP="DSP CUR OTPi IND OTRi ONL FIN"
      set-cookie:
      - flight-uxoptin=true; path=/; secure; HttpOnly, x-ms-gateway-slice=productionb;
        path=/; secure; HttpOnly, stsservicecookie=ests; path=/; secure; HttpOnly
      x-powered-by:
      - ASP.NET
      date:
      - Sat, 23 Apr 2016 05:20:31 GMT
      connection:
      - close
      content-length:
      - '1234'
    body:
      encoding: UTF-8
      string: '{"token_type":"Bearer","expires_in":"3599","expires_on":"1461392432","not_before":"1461388532","resource":"https://management.core.windows.net/","access_token":"<ACCESS_TOKEN>"}'
    http_version: 
  recorded_at: Sat, 23 Apr 2016 05:20:32 GMT
- request:
    method: put
    uri: https://management.azure.com/subscriptions/<AZURE_SUBSCRIPTION_ID>/resourcegroups/RubySDKTest_azure_mgmt_network?api-version=2015-11-01
    body:
      encoding: UTF-8
      string: '{"location":"westus"}'
    headers:
      User-Agent:
      - Azure-SDK-For-Ruby/0.2.1/
      x-ms-client-request-id:
      - e8b9ed88-8717-47a3-85ed-c398a8173d0c
      accept-language:
      - en-US
      Content-Type:
      - application/json; charset=utf-8
  response:
    status:
      code: 201
      message: 
    headers:
      cache-control:
      - no-cache
      pragma:
      - no-cache
      content-length:
      - '213'
      content-type:
      - application/json; charset=utf-8
      expires:
      - "-1"
      x-ms-ratelimit-remaining-subscription-writes:
      - '1197'
      x-ms-request-id:
      - 2d2ebca6-25b8-47ae-97c4-e19f4173f36e
      x-ms-correlation-request-id:
      - 2d2ebca6-25b8-47ae-97c4-e19f4173f36e
      x-ms-routing-request-id:
      - WESTUS:20160423T052033Z:2d2ebca6-25b8-47ae-97c4-e19f4173f36e
      strict-transport-security:
      - max-age=31536000; includeSubDomains
      date:
      - Sat, 23 Apr 2016 05:20:32 GMT
      connection:
      - close
    body:
      encoding: UTF-8
      string: '{"id":"/subscriptions/<AZURE_SUBSCRIPTION_ID>/resourceGroups/RubySDKTest_azure_mgmt_network","name":"RubySDKTest_azure_mgmt_network","location":"westus","properties":{"provisioningState":"Succeeded"}}'
    http_version: 
  recorded_at: Sat, 23 Apr 2016 05:20:33 GMT
- request:
    method: get
    uri: https://management.azure.com/subscriptions/<AZURE_SUBSCRIPTION_ID>/resourceGroups/RubySDKTest_azure_mgmt_network/providers/Microsoft.Network/loadBalancers?api-version=2015-06-15
    body:
      encoding: US-ASCII
      string: ''
    headers:
      User-Agent:
      - Azure-SDK-For-Ruby/0.2.1/
      x-ms-client-request-id:
      - b04f4650-f887-471e-a6c3-a6ed65672937
      accept-language:
      - en-US
  response:
    status:
      code: 200
      message: 
    headers:
      cache-control:
      - no-cache
      pragma:
      - no-cache
      content-type:
      - application/json; charset=utf-8
      expires:
      - "-1"
      vary:
      - Accept-Encoding
      x-ms-ratelimit-remaining-subscription-reads:
      - '14997'
      x-ms-request-id:
      - 497edfc4-5672-42d9-91e9-0a2c6c7e2df4
      x-ms-correlation-request-id:
      - 497edfc4-5672-42d9-91e9-0a2c6c7e2df4
      x-ms-routing-request-id:
      - WESTUS:20160423T052033Z:497edfc4-5672-42d9-91e9-0a2c6c7e2df4
      strict-transport-security:
      - max-age=31536000; includeSubDomains
      date:
      - Sat, 23 Apr 2016 05:20:33 GMT
      connection:
      - close
      content-length:
      - '133'
    body:
      encoding: ASCII-8BIT
      string: '{"value":[]}'
    http_version: 
  recorded_at: Sat, 23 Apr 2016 05:20:33 GMT
- request:
    method: delete
    uri: https://management.azure.com/subscriptions/<AZURE_SUBSCRIPTION_ID>/resourcegroups/RubySDKTest_azure_mgmt_network?api-version=2015-11-01
    body:
      encoding: US-ASCII
      string: ''
    headers:
      User-Agent:
      - Azure-SDK-For-Ruby/0.2.1/
      x-ms-client-request-id:
      - bdaa6695-538c-4402-92dd-53b634823a75
      accept-language:
      - en-US
  response:
    status:
      code: 202
      message: 
    headers:
      cache-control:
      - no-cache
      pragma:
      - no-cache
      expires:
      - "-1"
      location:
      - https://management.azure.com/subscriptions/<AZURE_SUBSCRIPTION_ID>/operationresults/eyJqb2JJZCI6IlJFU09VUkNFR1JPVVBERUxFVElPTkpPQi1SVUJZU0RLVEVTVDo1RkFaVVJFOjVGTUdNVDo1Rk5FVFdPUkstV0VTVFVTIiwiam9iTG9jYXRpb24iOiJ3ZXN0dXMifQ?api-version=2015-11-01
      retry-after: '1'
      x-ms-ratelimit-remaining-subscription-writes:
      - '1197'
      x-ms-request-id:
      - bad96e85-32db-43c5-99fc-823314546a84
      x-ms-correlation-request-id:
      - bad96e85-32db-43c5-99fc-823314546a84
      x-ms-routing-request-id:
      - WESTUS:20160423T052034Z:bad96e85-32db-43c5-99fc-823314546a84
      strict-transport-security:
      - max-age=31536000; includeSubDomains
      date:
      - Sat, 23 Apr 2016 05:20:33 GMT
      connection:
      - close
      content-length:
      - '0'
    body:
      encoding: UTF-8
      string: ''
    http_version: 
  recorded_at: Sat, 23 Apr 2016 05:20:34 GMT
- request:
    method: get
    uri: https://management.azure.com/subscriptions/<AZURE_SUBSCRIPTION_ID>/operationresults/eyJqb2JJZCI6IlJFU09VUkNFR1JPVVBERUxFVElPTkpPQi1SVUJZU0RLVEVTVDo1RkFaVVJFOjVGTUdNVDo1Rk5FVFdPUkstV0VTVFVTIiwiam9iTG9jYXRpb24iOiJ3ZXN0dXMifQ?api-version=2015-11-01
    body:
      encoding: US-ASCII
      string: ''
    headers:
      User-Agent:
      - Azure-SDK-For-Ruby/0.2.1/
      x-ms-client-request-id:
      - 6042eb88-efdf-4249-9ecc-0b695b26b06f
      accept-language:
      - en-US
      Content-Type:
      - application/json
  response:
    status:
      code: 200
      message: 
    headers:
      cache-control:
      - no-cache
      pragma:
      - no-cache
      expires:
      - "-1"
      x-ms-ratelimit-remaining-subscription-reads:
      - '14996'
      x-ms-request-id:
      - c5404601-505a-4a97-b5e3-53a28b8fc92d
      x-ms-correlation-request-id:
      - c5404601-505a-4a97-b5e3-53a28b8fc92d
      x-ms-routing-request-id:
      - WESTUS:20160423T052135Z:c5404601-505a-4a97-b5e3-53a28b8fc92d
      strict-transport-security:
      - max-age=31536000; includeSubDomains
      date:
      - Sat, 23 Apr 2016 05:21:35 GMT
      connection:
      - close
      content-length:
      - '0'
    body:
      encoding: UTF-8
      string: ''
    http_version: 
  recorded_at: Sat, 23 Apr 2016 05:21:35 GMT
recorded_with: VCR 3.0.1
