---
http_interactions:
- request:
    method: get
    uri: https://login.windows.net/<AZURE_TENANT_ID>/oauth2/token
    body:
      encoding: UTF-8
      string: resource=https%3A%2F%2Fmanagement.core.windows.net%2F&client_id=<AZURE_CLIENT_ID>&client_secret=<AZURE_CLIENT_SECRET>&grant_type=client_credentials
    headers:
      User-Agent:
      - Faraday v0.9.2
      content-type:
      - application/x-www-form-urlencoded
  response:
    status:
      code: 200
      message: 
    headers:
      cache-control:
      - no-cache, no-store
      pragma:
      - no-cache
      content-type:
      - application/json; charset=utf-8
      expires:
      - "-1"
      server:
      - Microsoft-IIS/8.5
      x-ms-request-id:
      - 836ad350-f64d-4241-9185-7aa3a8973e78
      client-request-id:
      - 440d7f4e-376e-49f2-bb85-1f9ca2d06d68
      x-ms-gateway-service-instanceid:
      - ESTSFE_IN_8
      x-content-type-options:
      - nosniff
      strict-transport-security:
      - max-age=31536000; includeSubDomains
      p3p:
      - CP="DSP CUR OTPi IND OTRi ONL FIN"
      set-cookie:
      - flight-uxoptin=true; path=/; secure; HttpOnly, x-ms-gateway-slice=productionb;
        path=/; secure; HttpOnly, stsservicecookie=ests; path=/; secure; HttpOnly
      x-powered-by:
      - ASP.NET
      date:
      - Sun, 24 Apr 2016 17:48:51 GMT
      connection:
      - close
      content-length:
      - '1234'
    body:
      encoding: UTF-8
      string: '{"token_type":"Bearer","expires_in":"3599","expires_on":"1461523731","not_before":"1461519831","resource":"https://management.core.windows.net/","access_token":"<ACCESS_TOKEN>"}'
    http_version: 
  recorded_at: Sun, 24 Apr 2016 17:48:51 GMT
- request:
    method: put
    uri: https://management.azure.com/subscriptions/<AZURE_SUBSCRIPTION_ID>/resourcegroups/RubySDKTest_azure_mgmt_network?api-version=2015-11-01
    body:
      encoding: UTF-8
      string: '{"location":"westus"}'
    headers:
      User-Agent:
      - Azure-SDK-For-Ruby/0.2.1/
      x-ms-client-request-id:
      - d6f6fa97-6828-499f-81fb-1ad8711d6ae7
      accept-language:
      - en-US
      Content-Type:
      - application/json; charset=utf-8
  response:
    status:
      code: 201
      message: 
    headers:
      cache-control:
      - no-cache
      pragma:
      - no-cache
      content-length:
      - '213'
      content-type:
      - application/json; charset=utf-8
      expires:
      - "-1"
      x-ms-ratelimit-remaining-subscription-writes:
      - '1198'
      x-ms-request-id:
      - 7dfc6edb-1bce-40f5-8522-f1449033882d
      x-ms-correlation-request-id:
      - 7dfc6edb-1bce-40f5-8522-f1449033882d
      x-ms-routing-request-id:
      - WESTUS:20160424T174852Z:7dfc6edb-1bce-40f5-8522-f1449033882d
      strict-transport-security:
      - max-age=31536000; includeSubDomains
      date:
      - Sun, 24 Apr 2016 17:48:51 GMT
      connection:
      - close
    body:
      encoding: UTF-8
      string: '{"id":"/subscriptions/<AZURE_SUBSCRIPTION_ID>/resourceGroups/RubySDKTest_azure_mgmt_network","name":"RubySDKTest_azure_mgmt_network","location":"westus","properties":{"provisioningState":"Succeeded"}}'
    http_version: 
  recorded_at: Sun, 24 Apr 2016 17:48:52 GMT
- request:
    method: put
    uri: https://management.azure.com/subscriptions/<AZURE_SUBSCRIPTION_ID>/resourceGroups/RubySDKTest_azure_mgmt_network/providers/Microsoft.Network/virtualnetworks/vnet7384?api-version=2015-06-15
    body:
      encoding: UTF-8
      string: '{"location":"westus","properties":{"addressSpace":{"addressPrefixes":["10.0.0.0/16"]},"dhcpOptions":{"dnsServers":["10.1.1.1","10.1.2.4"]},"subnets":[{"properties":{"addressPrefix":"10.0.2.0/24"},"name":"subnet1234"}]}}'
    headers:
      User-Agent:
      - Azure-SDK-For-Ruby/0.2.1/
      x-ms-client-request-id:
      - 1a94848b-4722-4267-a744-80a489316750
      accept-language:
      - en-US
      Content-Type:
      - application/json; charset=utf-8
  response:
    status:
      code: 201
      message: 
    headers:
      cache-control:
      - no-cache
      pragma:
      - no-cache
      content-length:
      - '1084'
      content-type:
      - application/json; charset=utf-8
      expires:
      - "-1"
      retry-after: '1'
      x-ms-request-id:
      - eb6688ca-d0b7-46a8-87cb-8907b365b3ca
      azure-asyncoperation:
      - https://management.azure.com/subscriptions/<AZURE_SUBSCRIPTION_ID>/providers/Microsoft.Network/locations/westus/operations/eb6688ca-d0b7-46a8-87cb-8907b365b3ca?api-version=2015-06-15
      strict-transport-security:
      - max-age=31536000; includeSubDomains
      server:
      - Microsoft-HTTPAPI/2.0, Microsoft-HTTPAPI/2.0
      x-ms-ratelimit-remaining-subscription-writes:
      - '1197'
      x-ms-correlation-request-id:
      - 93dddee6-88f4-4233-8309-774a1ba4ddca
      x-ms-routing-request-id:
      - WESTUS:20160424T174853Z:93dddee6-88f4-4233-8309-774a1ba4ddca
      date:
      - Sun, 24 Apr 2016 17:48:53 GMT
      connection:
      - close
    body:
      encoding: UTF-8
      string: "{\r\n  \"name\": \"vnet7384\",\r\n  \"id\": \"/subscriptions/<AZURE_SUBSCRIPTION_ID>/resourceGroups/RubySDKTest_azure_mgmt_network/providers/Microsoft.Network/virtualNetworks/vnet7384\",\r\n
        \ \"etag\": \"W/\\\"40c5270e-8f78-4c5f-8058-c142ebf9e3e0\\\"\",\r\n  \"type\":
        \"Microsoft.Network/virtualNetworks\",\r\n  \"location\": \"westus\",\r\n
        \ \"properties\": {\r\n    \"provisioningState\": \"Updating\",\r\n    \"resourceGuid\":
        \"60b8add9-deff-4825-85bc-a3ef3c761cae\",\r\n    \"addressSpace\": {\r\n      \"addressPrefixes\":
        [\r\n        \"10.0.0.0/16\"\r\n      ]\r\n    },\r\n    \"dhcpOptions\":
        {\r\n      \"dnsServers\": [\r\n        \"10.1.1.1\",\r\n        \"10.1.2.4\"\r\n
        \     ]\r\n    },\r\n    \"subnets\": [\r\n      {\r\n        \"name\": \"subnet1234\",\r\n
        \       \"id\": \"/subscriptions/<AZURE_SUBSCRIPTION_ID>/resourceGroups/RubySDKTest_azure_mgmt_network/providers/Microsoft.Network/virtualNetworks/vnet7384/subnets/subnet1234\",\r\n
        \       \"etag\": \"W/\\\"40c5270e-8f78-4c5f-8058-c142ebf9e3e0\\\"\",\r\n
        \       \"properties\": {\r\n          \"provisioningState\": \"Updating\",\r\n
        \         \"addressPrefix\": \"10.0.2.0/24\"\r\n        }\r\n      }\r\n    ]\r\n
        \ }\r\n}"
    http_version: 
  recorded_at: Sun, 24 Apr 2016 17:48:53 GMT
- request:
    method: get
    uri: https://management.azure.com/subscriptions/<AZURE_SUBSCRIPTION_ID>/providers/Microsoft.Network/locations/westus/operations/eb6688ca-d0b7-46a8-87cb-8907b365b3ca?api-version=2015-06-15
    body:
      encoding: US-ASCII
      string: ''
    headers:
      User-Agent:
      - Azure-SDK-For-Ruby/0.2.1/
      x-ms-client-request-id:
      - 196097e1-d560-4b3d-984b-9508edf0cfa0
      accept-language:
      - en-US
      Content-Type:
      - application/json
  response:
    status:
      code: 200
      message: 
    headers:
      cache-control:
      - no-cache
      pragma:
      - no-cache
      content-type:
      - application/json; charset=utf-8
      expires:
      - "-1"
      vary:
      - Accept-Encoding
      x-ms-request-id:
      - cd668e98-6850-4d0b-924e-da7040e86e63
      strict-transport-security:
      - max-age=31536000; includeSubDomains
      server:
      - Microsoft-HTTPAPI/2.0, Microsoft-HTTPAPI/2.0
      x-ms-ratelimit-remaining-subscription-reads:
      - '14996'
      x-ms-correlation-request-id:
      - e04a1083-e175-4ae7-abbe-dfab1daec8d4
      x-ms-routing-request-id:
      - WESTUS:20160424T174924Z:e04a1083-e175-4ae7-abbe-dfab1daec8d4
      date:
      - Sun, 24 Apr 2016 17:49:23 GMT
      connection:
      - close
    body:
      encoding: ASCII-8BIT
      string: "{\r\n  \"status\": \"Succeeded\"\r\n}"
    http_version: 
  recorded_at: Sun, 24 Apr 2016 17:49:23 GMT
- request:
    method: get
    uri: https://management.azure.com/subscriptions/<AZURE_SUBSCRIPTION_ID>/resourceGroups/RubySDKTest_azure_mgmt_network/providers/Microsoft.Network/virtualnetworks/vnet7384?api-version=2015-06-15
    body:
      encoding: US-ASCII
      string: ''
    headers:
      User-Agent:
      - Azure-SDK-For-Ruby/0.2.1/
      x-ms-client-request-id:
      - 27e3a876-2f07-4c49-ab77-48ba1ff338ff
      Content-Type:
      - application/json
  response:
    status:
      code: 200
      message: 
    headers:
      cache-control:
      - no-cache
      pragma:
      - no-cache
      content-type:
      - application/json; charset=utf-8
      expires:
      - "-1"
      etag:
      - W/"63205111-f9fe-4100-8707-9b71696d5087"
      vary:
      - Accept-Encoding
      x-ms-request-id:
      - 567a123d-8973-482d-9d3e-1d2d40af1bbd
      strict-transport-security:
      - max-age=31536000; includeSubDomains
      server:
      - Microsoft-HTTPAPI/2.0, Microsoft-HTTPAPI/2.0
      x-ms-ratelimit-remaining-subscription-reads:
      - '14994'
      x-ms-correlation-request-id:
      - 193b9736-adcf-448a-a2f3-37316b8ff7af
      x-ms-routing-request-id:
      - WESTUS:20160424T174924Z:193b9736-adcf-448a-a2f3-37316b8ff7af
      date:
      - Sun, 24 Apr 2016 17:49:23 GMT
      connection:
      - close
    body:
      encoding: ASCII-8BIT
      string: "{\r\n  \"name\": \"vnet7384\",\r\n  \"id\": \"/subscriptions/<AZURE_SUBSCRIPTION_ID>/resourceGroups/RubySDKTest_azure_mgmt_network/providers/Microsoft.Network/virtualNetworks/vnet7384\",\r\n
        \ \"etag\": \"W/\\\"63205111-f9fe-4100-8707-9b71696d5087\\\"\",\r\n  \"type\":
        \"Microsoft.Network/virtualNetworks\",\r\n  \"location\": \"westus\",\r\n
        \ \"properties\": {\r\n    \"provisioningState\": \"Succeeded\",\r\n    \"resourceGuid\":
        \"60b8add9-deff-4825-85bc-a3ef3c761cae\",\r\n    \"addressSpace\": {\r\n      \"addressPrefixes\":
        [\r\n        \"10.0.0.0/16\"\r\n      ]\r\n    },\r\n    \"dhcpOptions\":
        {\r\n      \"dnsServers\": [\r\n        \"10.1.1.1\",\r\n        \"10.1.2.4\"\r\n
        \     ]\r\n    },\r\n    \"subnets\": [\r\n      {\r\n        \"name\": \"subnet1234\",\r\n
        \       \"id\": \"/subscriptions/<AZURE_SUBSCRIPTION_ID>/resourceGroups/RubySDKTest_azure_mgmt_network/providers/Microsoft.Network/virtualNetworks/vnet7384/subnets/subnet1234\",\r\n
        \       \"etag\": \"W/\\\"63205111-f9fe-4100-8707-9b71696d5087\\\"\",\r\n
        \       \"properties\": {\r\n          \"provisioningState\": \"Succeeded\",\r\n
        \         \"addressPrefix\": \"10.0.2.0/24\"\r\n        }\r\n      }\r\n    ]\r\n
        \ }\r\n}"
    http_version: 
  recorded_at: Sun, 24 Apr 2016 17:49:24 GMT
- request:
    method: delete
    uri: https://management.azure.com/subscriptions/<AZURE_SUBSCRIPTION_ID>/resourcegroups/RubySDKTest_azure_mgmt_network?api-version=2015-11-01
    body:
      encoding: US-ASCII
      string: ''
    headers:
      User-Agent:
      - Azure-SDK-For-Ruby/0.2.1/
      x-ms-client-request-id:
      - 817ef1b8-23f7-4b04-b835-d10cca21dae4
      accept-language:
      - en-US
  response:
    status:
      code: 202
      message: 
    headers:
      cache-control:
      - no-cache
      pragma:
      - no-cache
      expires:
      - "-1"
      location:
      - https://management.azure.com/subscriptions/<AZURE_SUBSCRIPTION_ID>/operationresults/eyJqb2JJZCI6IlJFU09VUkNFR1JPVVBERUxFVElPTkpPQi1SVUJZU0RLVEVTVDo1RkFaVVJFOjVGTUdNVDo1Rk5FVFdPUkstV0VTVFVTIiwiam9iTG9jYXRpb24iOiJ3ZXN0dXMifQ?api-version=2015-11-01
      retry-after: '1'
      x-ms-ratelimit-remaining-subscription-writes:
      - '1197'
      x-ms-request-id:
      - cca71c4d-10fa-416c-8d89-4d858a714ee4
      x-ms-correlation-request-id:
      - cca71c4d-10fa-416c-8d89-4d858a714ee4
      x-ms-routing-request-id:
      - WESTUS:20160424T174924Z:cca71c4d-10fa-416c-8d89-4d858a714ee4
      strict-transport-security:
      - max-age=31536000; includeSubDomains
      date:
      - Sun, 24 Apr 2016 17:49:24 GMT
      connection:
      - close
      content-length:
      - '0'
    body:
      encoding: UTF-8
      string: ''
    http_version: 
  recorded_at: Sun, 24 Apr 2016 17:49:24 GMT
- request:
    method: get
    uri: https://management.azure.com/subscriptions/<AZURE_SUBSCRIPTION_ID>/operationresults/eyJqb2JJZCI6IlJFU09VUkNFR1JPVVBERUxFVElPTkpPQi1SVUJZU0RLVEVTVDo1RkFaVVJFOjVGTUdNVDo1Rk5FVFdPUkstV0VTVFVTIiwiam9iTG9jYXRpb24iOiJ3ZXN0dXMifQ?api-version=2015-11-01
    body:
      encoding: US-ASCII
      string: ''
    headers:
      User-Agent:
      - Azure-SDK-For-Ruby/0.2.1/
      x-ms-client-request-id:
      - cc4fdcc2-00c6-4626-baf7-85477aa0db53
      accept-language:
      - en-US
      Content-Type:
      - application/json
  response:
    status:
      code: 200
      message: 
    headers:
      cache-control:
      - no-cache
      pragma:
      - no-cache
      expires:
      - "-1"
      x-ms-ratelimit-remaining-subscription-reads:
      - '14993'
      x-ms-request-id:
      - 80845d1f-134e-4fbf-9791-53bea5ebcd61
      x-ms-correlation-request-id:
      - 80845d1f-134e-4fbf-9791-53bea5ebcd61
      x-ms-routing-request-id:
      - WESTUS:20160424T175127Z:80845d1f-134e-4fbf-9791-53bea5ebcd61
      strict-transport-security:
      - max-age=31536000; includeSubDomains
      date:
      - Sun, 24 Apr 2016 17:51:27 GMT
      connection:
      - close
      content-length:
      - '0'
    body:
      encoding: UTF-8
      string: ''
    http_version: 
  recorded_at: Sun, 24 Apr 2016 17:51:27 GMT
recorded_with: VCR 3.0.1
