---
http_interactions:
- request:
    method: get
    uri: https://login.windows.net/<AZURE_TENANT_ID>/oauth2/token
    body:
      encoding: UTF-8
      string: resource=https%3A%2F%2Fmanagement.core.windows.net%2F&client_id=<AZURE_CLIENT_ID>&client_secret=<AZURE_CLIENT_SECRET>&grant_type=client_credentials
    headers:
      User-Agent:
      - Faraday v0.9.2
      content-type:
      - application/x-www-form-urlencoded
  response:
    status:
      code: 200
      message: 
    headers:
      cache-control:
      - no-cache, no-store
      pragma:
      - no-cache
      content-type:
      - application/json; charset=utf-8
      expires:
      - "-1"
      server:
      - Microsoft-IIS/8.5
      x-ms-request-id:
      - 3bdc97ae-1a80-4f65-8c13-b82cbd088bde
      client-request-id:
      - 784b4406-f1ac-4ac5-921f-9564e1100e09
      x-ms-gateway-service-instanceid:
      - ESTSFE_IN_281
      x-content-type-options:
      - nosniff
      strict-transport-security:
      - max-age=31536000; includeSubDomains
      p3p:
      - CP="DSP CUR OTPi IND OTRi ONL FIN"
      set-cookie:
      - flight-uxoptin=true; path=/; secure; HttpOnly, esctx=AAABAAAAiL9Kn2Z27UubvWFPbm0gLTrtn6CIS_xRtJpibCgodedujY4loZDSJv40ooP6pyx1E5pb_Nbeyp3V_6Ugdl2m5hvvKk8swLv3xj5rWDxWyIz_yZ3LJkr06fs3j3N-2rUun5A6preCYwhOsEIB01WhKi7TfVQoqLAwYm_Ifjngmtbh_5R9EkUOVZikv-OHeDEDIAA;
        domain=.login.windows.net; path=/; secure; HttpOnly, x-ms-gateway-slice=productiona;
        path=/; secure; HttpOnly, stsservicecookie=ests; path=/; secure; HttpOnly
      x-powered-by:
      - ASP.NET
      date:
      - Thu, 19 May 2016 03:01:22 GMT
      connection:
      - close
      content-length:
      - '1234'
    body:
      encoding: UTF-8
      string: '{"token_type":"Bearer","expires_in":"3600","expires_on":"1463630481","not_before":"1463626581","resource":"https://management.core.windows.net/","access_token":"<ACCESS_TOKEN>"}'
    http_version: 
  recorded_at: Thu, 19 May 2016 03:01:25 GMT
- request:
    method: put
    uri: https://management.azure.com/subscriptions/<AZURE_SUBSCRIPTION_ID>/resourcegroups/RubySDKTest_azure_mgmt_resources?api-version=2016-02-01
    body:
      encoding: UTF-8
      string: '{"location":"westus"}'
    headers:
      User-Agent:
      - Azure-SDK-For-Ruby/0.2.1/
      x-ms-client-request-id:
      - 12fa6d9b-7538-42b1-9519-7215ae223395
      accept-language:
      - en-US
      Content-Type:
      - application/json; charset=utf-8
  response:
    status:
      code: 201
      message: 
    headers:
      cache-control:
      - no-cache
      pragma:
      - no-cache
      content-length:
      - '217'
      content-type:
      - application/json; charset=utf-8
      expires:
      - "-1"
      x-ms-ratelimit-remaining-subscription-writes:
      - '1199'
      x-ms-request-id:
      - 73d17dd8-0338-4a0e-89be-5f121c7b0250
      x-ms-correlation-request-id:
      - 73d17dd8-0338-4a0e-89be-5f121c7b0250
      x-ms-routing-request-id:
      - WESTUS:20160519T030124Z:73d17dd8-0338-4a0e-89be-5f121c7b0250
      strict-transport-security:
      - max-age=31536000; includeSubDomains
      date:
      - Thu, 19 May 2016 03:01:23 GMT
      connection:
      - close
    body:
      encoding: UTF-8
      string: '{"id":"/subscriptions/<AZURE_SUBSCRIPTION_ID>/resourceGroups/RubySDKTest_azure_mgmt_resources","name":"RubySDKTest_azure_mgmt_resources","location":"westus","properties":{"provisioningState":"Succeeded"}}'
    http_version: 
  recorded_at: Thu, 19 May 2016 03:01:26 GMT
- request:
    method: put
    uri: https://management.azure.com/subscriptions/<AZURE_SUBSCRIPTION_ID>/resourcegroups/RubySDKTest_azure_mgmt_resources/providers/Microsoft.Resources/deployments/Deployment_test?api-version=2016-02-01
    body:
      encoding: UTF-8
      string: '{"properties":{"templateLink":{"uri":"https://raw.githubusercontent.com/Azure/azure-quickstart-templates/master/101-documentdb-account-create/azuredeploy.json"},"parameters":{"databaseAccountName":{"value":"mydocs-test"}},"mode":"Incremental"}}'
    headers:
      User-Agent:
      - Azure-SDK-For-Ruby/0.2.1/
      x-ms-client-request-id:
      - 736e4e33-dc57-4122-b109-d7f7711896f2
      accept-language:
      - en-US
      Content-Type:
      - application/json; charset=utf-8
  response:
    status:
      code: 201
      message: 
    headers:
      cache-control:
      - no-cache
      pragma:
      - no-cache
      content-type:
      - application/json; charset=utf-8
      expires:
      - "-1"
      azure-asyncoperation:
      - https://management.azure.com/subscriptions/<AZURE_SUBSCRIPTION_ID>/resourcegroups/RubySDKTest_azure_mgmt_resources/providers/Microsoft.Resources/deployments/Deployment_test/operationStatuses/08587379800006504226?api-version=2016-02-01
      x-ms-ratelimit-remaining-subscription-writes:
      - '1198'
      x-ms-request-id:
      - c7adf2eb-785c-42a6-baf8-4fec9e34ba08
      x-ms-correlation-request-id:
      - c7adf2eb-785c-42a6-baf8-4fec9e34ba08
      x-ms-routing-request-id:
      - WESTUS:20160519T030125Z:c7adf2eb-785c-42a6-baf8-4fec9e34ba08
      strict-transport-security:
      - max-age=31536000; includeSubDomains
      date:
      - Thu, 19 May 2016 03:01:24 GMT
      connection:
      - close
      content-length:
      - '777'
    body:
      encoding: UTF-8
      string: '{"id":"/subscriptions/<AZURE_SUBSCRIPTION_ID>/resourceGroups/RubySDKTest_azure_mgmt_resources/providers/Microsoft.Resources/deployments/Deployment_test","name":"Deployment_test","properties":{"templateLink":{"uri":"https://raw.githubusercontent.com/Azure/azure-quickstart-templates/master/101-documentdb-account-create/azuredeploy.json","contentVersion":"1.0.0.0"},"parameters":{"databaseAccountName":{"type":"String","value":"mydocs-test"}},"mode":"Incremental","provisioningState":"Accepted","timestamp":"2016-05-19T03:01:25.020221Z","duration":"PT0.1929663S","correlationId":"c7adf2eb-785c-42a6-baf8-4fec9e34ba08","providers":[{"namespace":"Microsoft.DocumentDB","resourceTypes":[{"resourceType":"databaseAccounts","locations":["westus"]}]}],"dependencies":[]}}'
    http_version: 
  recorded_at: Thu, 19 May 2016 03:01:27 GMT
- request:
    method: get
    uri: https://management.azure.com/subscriptions/<AZURE_SUBSCRIPTION_ID>/resourcegroups/RubySDKTest_azure_mgmt_resources/providers/Microsoft.Resources/deployments/Deployment_test/operationStatuses/08587379800006504226?api-version=2016-02-01
    body:
      encoding: US-ASCII
      string: ''
    headers:
      User-Agent:
      - Azure-SDK-For-Ruby/0.2.1/
      x-ms-client-request-id:
      - 52e45345-e534-47e2-bfd5-730c0f944353
      accept-language:
      - en-US
      Content-Type:
      - application/json
  response:
    status:
      code: 200
      message: 
    headers:
      cache-control:
      - no-cache
      pragma:
      - no-cache
      content-type:
      - application/json; charset=utf-8
      expires:
      - "-1"
      vary:
      - Accept-Encoding
      x-ms-ratelimit-remaining-subscription-reads:
      - '14948'
      x-ms-request-id:
      - 5d41f2db-2846-4afb-aab7-b1f2029c6d75
      x-ms-correlation-request-id:
      - 5d41f2db-2846-4afb-aab7-b1f2029c6d75
      x-ms-routing-request-id:
      - WESTUS:20160519T030155Z:5d41f2db-2846-4afb-aab7-b1f2029c6d75
      strict-transport-security:
      - max-age=31536000; includeSubDomains
      date:
      - Thu, 19 May 2016 03:01:55 GMT
      connection:
      - close
      content-length:
      - '140'
    body:
      encoding: ASCII-8BIT
      string: '{"status":"Running"}'
    http_version: 
  recorded_at: Thu, 19 May 2016 03:01:57 GMT
- request:
    method: get
    uri: https://management.azure.com/subscriptions/<AZURE_SUBSCRIPTION_ID>/resourcegroups/RubySDKTest_azure_mgmt_resources/providers/Microsoft.Resources/deployments/Deployment_test/operationStatuses/08587379800006504226?api-version=2016-02-01
    body:
      encoding: US-ASCII
      string: ''
    headers:
      User-Agent:
      - Azure-SDK-For-Ruby/0.2.1/
      x-ms-client-request-id:
      - 64c51b33-ccb3-4d3e-8b61-d9ec3fc73569
      accept-language:
      - en-US
      Content-Type:
      - application/json
  response:
    status:
      code: 200
      message: 
    headers:
      cache-control:
      - no-cache
      pragma:
      - no-cache
      content-type:
      - application/json; charset=utf-8
      expires:
      - "-1"
      vary:
      - Accept-Encoding
      x-ms-ratelimit-remaining-subscription-reads:
      - '14998'
      x-ms-request-id:
      - a44fda50-5ae0-4fd2-a193-21f1aba6469e
      x-ms-correlation-request-id:
      - a44fda50-5ae0-4fd2-a193-21f1aba6469e
      x-ms-routing-request-id:
      - WESTUS:20160519T030225Z:a44fda50-5ae0-4fd2-a193-21f1aba6469e
      strict-transport-security:
      - max-age=31536000; includeSubDomains
      date:
      - Thu, 19 May 2016 03:02:25 GMT
      connection:
      - close
      content-length:
      - '141'
    body:
      encoding: ASCII-8BIT
      string: '{"status":"Succeeded"}'
    http_version: 
  recorded_at: Thu, 19 May 2016 03:02:27 GMT
- request:
    method: get
    uri: https://management.azure.com/subscriptions/<AZURE_SUBSCRIPTION_ID>/resourcegroups/RubySDKTest_azure_mgmt_resources/providers/Microsoft.Resources/deployments/Deployment_test?api-version=2016-02-01
    body:
      encoding: US-ASCII
      string: ''
    headers:
      User-Agent:
      - Azure-SDK-For-Ruby/0.2.1/
      x-ms-client-request-id:
      - 9de397f4-11a7-4b42-9551-8a96c7603143
      Content-Type:
      - application/json
  response:
    status:
      code: 200
      message: 
    headers:
      cache-control:
      - no-cache
      pragma:
      - no-cache
      content-type:
      - application/json; charset=utf-8
      expires:
      - "-1"
      vary:
      - Accept-Encoding
      x-ms-ratelimit-remaining-subscription-reads:
      - '14996'
      x-ms-request-id:
      - 0ef9c359-f049-46d4-94f6-73251bdef4de
      x-ms-correlation-request-id:
      - 0ef9c359-f049-46d4-94f6-73251bdef4de
      x-ms-routing-request-id:
      - WESTUS:20160519T030225Z:0ef9c359-f049-46d4-94f6-73251bdef4de
      strict-transport-security:
      - max-age=31536000; includeSubDomains
      date:
      - Thu, 19 May 2016 03:02:25 GMT
      connection:
      - close
      content-length:
      - '683'
    body:
      encoding: ASCII-8BIT
      string: '{"id":"/subscriptions/<AZURE_SUBSCRIPTION_ID>/resourceGroups/RubySDKTest_azure_mgmt_resources/providers/Microsoft.Resources/deployments/Deployment_test","name":"Deployment_test","properties":{"templateLink":{"uri":"https://raw.githubusercontent.com/Azure/azure-quickstart-templates/master/101-documentdb-account-create/azuredeploy.json","contentVersion":"1.0.0.0"},"parameters":{"databaseAccountName":{"type":"String","value":"mydocs-test"}},"mode":"Incremental","provisioningState":"Succeeded","timestamp":"2016-05-19T03:02:22.7775066Z","duration":"PT57.9502519S","correlationId":"c7adf2eb-785c-42a6-baf8-4fec9e34ba08","providers":[{"namespace":"Microsoft.DocumentDB","resourceTypes":[{"resourceType":"databaseAccounts","locations":["westus"]}]}],"dependencies":[],"outputResources":[{"id":"Microsoft.DocumentDB/databaseAccounts/mydocs-test"}]}}'
    http_version: 
  recorded_at: Thu, 19 May 2016 03:02:28 GMT
- request:
    method: post
    uri: https://management.azure.com/subscriptions/<AZURE_SUBSCRIPTION_ID>/resourcegroups/RubySDKTest_azure_mgmt_resources/providers/Microsoft.Resources/deployments/Deployment_test/validate?api-version=2016-02-01
    body:
      encoding: UTF-8
      string: '{"properties":{"templateLink":{"uri":"https://raw.githubusercontent.com/Azure/azure-quickstart-templates/master/101-documentdb-account-create/azuredeploy.json"},"parameters":{"databaseAccountName":{"value":"mydocs-test"}},"mode":"Incremental"}}'
    headers:
      User-Agent:
      - Azure-SDK-For-Ruby/0.2.1/
      x-ms-client-request-id:
      - 441231f0-4848-4653-9797-9e0c0315b443
      accept-language:
      - en-US
      Content-Type:
      - application/json; charset=utf-8
  response:
    status:
      code: 200
      message: 
    headers:
      cache-control:
      - no-cache
      pragma:
      - no-cache
      content-type:
      - application/json; charset=utf-8
      expires:
      - "-1"
      vary:
      - Accept-Encoding
      x-ms-ratelimit-remaining-subscription-writes:
      - '1198'
      x-ms-request-id:
      - 5d36a082-3718-4406-bd16-39d88e82002a
      x-ms-correlation-request-id:
      - 5d36a082-3718-4406-bd16-39d88e82002a
      x-ms-routing-request-id:
      - WESTUS:20160519T030226Z:5d36a082-3718-4406-bd16-39d88e82002a
      strict-transport-security:
      - max-age=31536000; includeSubDomains
      date:
      - Thu, 19 May 2016 03:02:26 GMT
      connection:
      - close
      content-length:
      - '733'
    body:
      encoding: ASCII-8BIT
      string: '{"id":"/subscriptions/<AZURE_SUBSCRIPTION_ID>/resourceGroups/RubySDKTest_azure_mgmt_resources/providers/Microsoft.Resources/deployments/Deployment_test","name":"Deployment_test","properties":{"templateLink":{"uri":"https://raw.githubusercontent.com/Azure/azure-quickstart-templates/master/101-documentdb-account-create/azuredeploy.json","contentVersion":"1.0.0.0"},"parameters":{"databaseAccountName":{"type":"String","value":"mydocs-test"}},"mode":"Incremental","provisioningState":"Accepted","timestamp":"2016-05-19T03:02:26.6698616Z","duration":"PT0S","correlationId":"5d36a082-3718-4406-bd16-39d88e82002a","providers":[{"namespace":"Microsoft.DocumentDB","resourceTypes":[{"resourceType":"databaseAccounts","locations":["westus"]}]}],"dependencies":[],"validatedResources":[{"apiVersion":"2015-04-08","id":"/subscriptions/<AZURE_SUBSCRIPTION_ID>/resourceGroups/RubySDKTest_azure_mgmt_resources/providers/Microsoft.DocumentDB/databaseAccounts/mydocs-test","name":"mydocs-test","type":"Microsoft.DocumentDB/databaseAccounts","location":"westus","properties":{"name":"mydocs-test","databaseAccountOfferType":"Standard"}}]}}'
    http_version: 
  recorded_at: Thu, 19 May 2016 03:02:28 GMT
- request:
    method: post
    uri: https://management.azure.com/subscriptions/<AZURE_SUBSCRIPTION_ID>/resourcegroups/RubySDKTest_azure_mgmt_resources/providers/Microsoft.Resources/deployments/Deployment_test/validate?api-version=2016-02-01
    body:
      encoding: UTF-8
      string: '{"properties":{"templateLink":{"uri":"https://raw.githubusercontent.com/Azure/azure-quickstart-templates/master/101-documentdb-account-create/azuredeploy.json"},"parameters":{"databaseAccountName":{"value":"mydocs-test"}},"mode":"Incremental"}}'
    headers:
      User-Agent:
      - Azure-SDK-For-Ruby/0.2.1/
      x-ms-client-request-id:
      - 42241a85-6bfc-4804-8039-b1ca1eecf336
      accept-language:
      - en-US
      Content-Type:
      - application/json; charset=utf-8
  response:
    status:
      code: 200
      message: 
    headers:
      cache-control:
      - no-cache
      pragma:
      - no-cache
      content-type:
      - application/json; charset=utf-8
      expires:
      - "-1"
      vary:
      - Accept-Encoding
      x-ms-ratelimit-remaining-subscription-writes:
      - '1197'
      x-ms-request-id:
      - e4d22d73-6d64-4afc-a20b-622768dc172c
      x-ms-correlation-request-id:
      - e4d22d73-6d64-4afc-a20b-622768dc172c
      x-ms-routing-request-id:
      - WESTUS:20160519T030228Z:e4d22d73-6d64-4afc-a20b-622768dc172c
      strict-transport-security:
      - max-age=31536000; includeSubDomains
      date:
      - Thu, 19 May 2016 03:02:27 GMT
      connection:
      - close
      content-length:
      - '731'
    body:
      encoding: ASCII-8BIT
      string: '{"id":"/subscriptions/<AZURE_SUBSCRIPTION_ID>/resourceGroups/RubySDKTest_azure_mgmt_resources/providers/Microsoft.Resources/deployments/Deployment_test","name":"Deployment_test","properties":{"templateLink":{"uri":"https://raw.githubusercontent.com/Azure/azure-quickstart-templates/master/101-documentdb-account-create/azuredeploy.json","contentVersion":"1.0.0.0"},"parameters":{"databaseAccountName":{"type":"String","value":"mydocs-test"}},"mode":"Incremental","provisioningState":"Accepted","timestamp":"2016-05-19T03:02:28.458378Z","duration":"PT0S","correlationId":"e4d22d73-6d64-4afc-a20b-622768dc172c","providers":[{"namespace":"Microsoft.DocumentDB","resourceTypes":[{"resourceType":"databaseAccounts","locations":["westus"]}]}],"dependencies":[],"validatedResources":[{"apiVersion":"2015-04-08","id":"/subscriptions/<AZURE_SUBSCRIPTION_ID>/resourceGroups/RubySDKTest_azure_mgmt_resources/providers/Microsoft.DocumentDB/databaseAccounts/mydocs-test","name":"mydocs-test","type":"Microsoft.DocumentDB/databaseAccounts","location":"westus","properties":{"name":"mydocs-test","databaseAccountOfferType":"Standard"}}]}}'
    http_version: 
  recorded_at: Thu, 19 May 2016 03:02:30 GMT
- request:
    method: post
    uri: https://management.azure.com/subscriptions/<AZURE_SUBSCRIPTION_ID>/resourcegroups/RubySDKTest_azure_mgmt_resources/providers/Microsoft.Resources/deployments/Deployment_test/validate?api-version=2016-02-01
    body:
      encoding: UTF-8
      string: '{"properties":{"templateLink":{"uri":"https://raw.githubusercontent.com/Azure/azure-quickstart-templates/master/101-documentdb-account-create/azuredeploy.json"},"parameters":{"databaseAccountName":{"value":"mydocs-test"}},"mode":"Incremental"}}'
    headers:
      User-Agent:
      - Azure-SDK-For-Ruby/0.2.1/
      x-ms-client-request-id:
      - 14f4f48f-a74a-4da0-87c2-390ec13e7548
      accept-language:
      - en-US
      Content-Type:
      - application/json; charset=utf-8
  response:
    status:
      code: 200
      message: 
    headers:
      cache-control:
      - no-cache
      pragma:
      - no-cache
      content-type:
      - application/json; charset=utf-8
      expires:
      - "-1"
      vary:
      - Accept-Encoding
      x-ms-ratelimit-remaining-subscription-writes:
      - '1198'
      x-ms-request-id:
      - 36e30bd4-3a54-4360-90a1-976dddbc8d4a
      x-ms-correlation-request-id:
      - 36e30bd4-3a54-4360-90a1-976dddbc8d4a
      x-ms-routing-request-id:
      - WESTUS:20160519T030230Z:36e30bd4-3a54-4360-90a1-976dddbc8d4a
      strict-transport-security:
      - max-age=31536000; includeSubDomains
      date:
      - Thu, 19 May 2016 03:02:29 GMT
      connection:
      - close
      content-length:
      - '729'
    body:
      encoding: ASCII-8BIT
      string: '{"id":"/subscriptions/<AZURE_SUBSCRIPTION_ID>/resourceGroups/RubySDKTest_azure_mgmt_resources/providers/Microsoft.Resources/deployments/Deployment_test","name":"Deployment_test","properties":{"templateLink":{"uri":"https://raw.githubusercontent.com/Azure/azure-quickstart-templates/master/101-documentdb-account-create/azuredeploy.json","contentVersion":"1.0.0.0"},"parameters":{"databaseAccountName":{"type":"String","value":"mydocs-test"}},"mode":"Incremental","provisioningState":"Accepted","timestamp":"2016-05-19T03:02:30.2532611Z","duration":"PT0S","correlationId":"36e30bd4-3a54-4360-90a1-976dddbc8d4a","providers":[{"namespace":"Microsoft.DocumentDB","resourceTypes":[{"resourceType":"databaseAccounts","locations":["westus"]}]}],"dependencies":[],"validatedResources":[{"apiVersion":"2015-04-08","id":"/subscriptions/<AZURE_SUBSCRIPTION_ID>/resourceGroups/RubySDKTest_azure_mgmt_resources/providers/Microsoft.DocumentDB/databaseAccounts/mydocs-test","name":"mydocs-test","type":"Microsoft.DocumentDB/databaseAccounts","location":"westus","properties":{"name":"mydocs-test","databaseAccountOfferType":"Standard"}}]}}'
    http_version: 
  recorded_at: Thu, 19 May 2016 03:02:32 GMT
- request:
    method: post
    uri: https://management.azure.com/subscriptions/<AZURE_SUBSCRIPTION_ID>/resourcegroups/RubySDKTest_azure_mgmt_resources/providers/Microsoft.Resources/deployments/Deployment_test/validate?api-version=2016-02-01
    body:
      encoding: UTF-8
      string: '{"properties":{"templateLink":{"uri":"https://raw.githubusercontent.com/Azure/azure-quickstart-templates/master/101-documentdb-account-create/azuredeploy.json"},"parameters":{"databaseAccountName":{"value":"mydocs-test"}},"mode":"Incremental"}}'
    headers:
      User-Agent:
      - Azure-SDK-For-Ruby/0.2.1/
      x-ms-client-request-id:
      - 4a7376d3-b847-4fdf-86ad-baaed2c86f37
      accept-language:
      - en-US
      Content-Type:
      - application/json; charset=utf-8
  response:
    status:
      code: 200
      message: 
    headers:
      cache-control:
      - no-cache
      pragma:
      - no-cache
      content-type:
      - application/json; charset=utf-8
      expires:
      - "-1"
      vary:
      - Accept-Encoding
      x-ms-ratelimit-remaining-subscription-writes:
      - '1199'
      x-ms-request-id:
      - da5c504e-0931-4b01-aac4-12a9f7e41371
      x-ms-correlation-request-id:
      - da5c504e-0931-4b01-aac4-12a9f7e41371
      x-ms-routing-request-id:
      - WESTUS:20160519T030231Z:da5c504e-0931-4b01-aac4-12a9f7e41371
      strict-transport-security:
      - max-age=31536000; includeSubDomains
      date:
      - Thu, 19 May 2016 03:02:31 GMT
      connection:
      - close
      content-length:
      - '732'
    body:
      encoding: ASCII-8BIT
      string: '{"id":"/subscriptions/<AZURE_SUBSCRIPTION_ID>/resourceGroups/RubySDKTest_azure_mgmt_resources/providers/Microsoft.Resources/deployments/Deployment_test","name":"Deployment_test","properties":{"templateLink":{"uri":"https://raw.githubusercontent.com/Azure/azure-quickstart-templates/master/101-documentdb-account-create/azuredeploy.json","contentVersion":"1.0.0.0"},"parameters":{"databaseAccountName":{"type":"String","value":"mydocs-test"}},"mode":"Incremental","provisioningState":"Accepted","timestamp":"2016-05-19T03:02:31.8925359Z","duration":"PT0S","correlationId":"da5c504e-0931-4b01-aac4-12a9f7e41371","providers":[{"namespace":"Microsoft.DocumentDB","resourceTypes":[{"resourceType":"databaseAccounts","locations":["westus"]}]}],"dependencies":[],"validatedResources":[{"apiVersion":"2015-04-08","id":"/subscriptions/<AZURE_SUBSCRIPTION_ID>/resourceGroups/RubySDKTest_azure_mgmt_resources/providers/Microsoft.DocumentDB/databaseAccounts/mydocs-test","name":"mydocs-test","type":"Microsoft.DocumentDB/databaseAccounts","location":"westus","properties":{"name":"mydocs-test","databaseAccountOfferType":"Standard"}}]}}'
    http_version: 
  recorded_at: Thu, 19 May 2016 03:02:34 GMT
- request:
    method: post
    uri: https://management.azure.com/subscriptions/<AZURE_SUBSCRIPTION_ID>/resourcegroups/RubySDKTest_azure_mgmt_resources/providers/Microsoft.Resources/deployments/Deployment_test/validate?api-version=2016-02-01
    body:
      encoding: UTF-8
      string: '{"properties":{"templateLink":{"uri":"https://raw.githubusercontent.com/Azure/azure-quickstart-templates/master/101-documentdb-account-create/azuredeploy.json"},"parameters":{"databaseAccountName":{"value":"mydocs-test"}},"mode":"Incremental"}}'
    headers:
      User-Agent:
      - Azure-SDK-For-Ruby/0.2.1/
      x-ms-client-request-id:
      - abfec5fd-5272-4b17-a44d-78bd106e08b4
      accept-language:
      - en-US
      Content-Type:
      - application/json; charset=utf-8
  response:
    status:
      code: 200
      message: 
    headers:
      cache-control:
      - no-cache
      pragma:
      - no-cache
      content-type:
      - application/json; charset=utf-8
      expires:
      - "-1"
      vary:
      - Accept-Encoding
      x-ms-ratelimit-remaining-subscription-writes:
      - '1199'
      x-ms-request-id:
      - d06d6da5-2b29-4969-81ec-84cc7eed7e10
      x-ms-correlation-request-id:
      - d06d6da5-2b29-4969-81ec-84cc7eed7e10
      x-ms-routing-request-id:
      - WESTUS:20160519T030233Z:d06d6da5-2b29-4969-81ec-84cc7eed7e10
      strict-transport-security:
      - max-age=31536000; includeSubDomains
      date:
      - Thu, 19 May 2016 03:02:33 GMT
      connection:
      - close
      content-length:
      - '734'
    body:
      encoding: ASCII-8BIT
      string: '{"id":"/subscriptions/<AZURE_SUBSCRIPTION_ID>/resourceGroups/RubySDKTest_azure_mgmt_resources/providers/Microsoft.Resources/deployments/Deployment_test","name":"Deployment_test","properties":{"templateLink":{"uri":"https://raw.githubusercontent.com/Azure/azure-quickstart-templates/master/101-documentdb-account-create/azuredeploy.json","contentVersion":"1.0.0.0"},"parameters":{"databaseAccountName":{"type":"String","value":"mydocs-test"}},"mode":"Incremental","provisioningState":"Accepted","timestamp":"2016-05-19T03:02:33.6445507Z","duration":"PT0S","correlationId":"d06d6da5-2b29-4969-81ec-84cc7eed7e10","providers":[{"namespace":"Microsoft.DocumentDB","resourceTypes":[{"resourceType":"databaseAccounts","locations":["westus"]}]}],"dependencies":[],"validatedResources":[{"apiVersion":"2015-04-08","id":"/subscriptions/<AZURE_SUBSCRIPTION_ID>/resourceGroups/RubySDKTest_azure_mgmt_resources/providers/Microsoft.DocumentDB/databaseAccounts/mydocs-test","name":"mydocs-test","type":"Microsoft.DocumentDB/databaseAccounts","location":"westus","properties":{"name":"mydocs-test","databaseAccountOfferType":"Standard"}}]}}'
    http_version: 
  recorded_at: Thu, 19 May 2016 03:02:35 GMT
- request:
    method: post
    uri: https://management.azure.com/subscriptions/<AZURE_SUBSCRIPTION_ID>/resourcegroups/RubySDKTest_azure_mgmt_resources/providers/Microsoft.Resources/deployments/Deployment_test/validate?api-version=2016-02-01
    body:
      encoding: UTF-8
      string: '{"properties":{"templateLink":{"uri":"https://raw.githubusercontent.com/Azure/azure-quickstart-templates/master/101-documentdb-account-create/azuredeploy.json"},"parameters":{"databaseAccountName":{"value":"mydocs-test"}},"mode":"Incremental"}}'
    headers:
      User-Agent:
      - Azure-SDK-For-Ruby/0.2.1/
      x-ms-client-request-id:
      - 72a2dd9f-dce0-47c0-ad57-7dc82e801ad1
      accept-language:
      - en-US
      Content-Type:
      - application/json; charset=utf-8
  response:
    status:
      code: 200
      message: 
    headers:
      cache-control:
      - no-cache
      pragma:
      - no-cache
      content-type:
      - application/json; charset=utf-8
      expires:
      - "-1"
      vary:
      - Accept-Encoding
      x-ms-ratelimit-remaining-subscription-writes:
      - '1199'
      x-ms-request-id:
      - b8e78e98-a10f-4aef-839c-1246a42e8569
      x-ms-correlation-request-id:
      - b8e78e98-a10f-4aef-839c-1246a42e8569
      x-ms-routing-request-id:
      - WESTUS:20160519T030235Z:b8e78e98-a10f-4aef-839c-1246a42e8569
      strict-transport-security:
      - max-age=31536000; includeSubDomains
      date:
      - Thu, 19 May 2016 03:02:34 GMT
      connection:
      - close
      content-length:
      - '734'
    body:
      encoding: ASCII-8BIT
      string: '{"id":"/subscriptions/<AZURE_SUBSCRIPTION_ID>/resourceGroups/RubySDKTest_azure_mgmt_resources/providers/Microsoft.Resources/deployments/Deployment_test","name":"Deployment_test","properties":{"templateLink":{"uri":"https://raw.githubusercontent.com/Azure/azure-quickstart-templates/master/101-documentdb-account-create/azuredeploy.json","contentVersion":"1.0.0.0"},"parameters":{"databaseAccountName":{"type":"String","value":"mydocs-test"}},"mode":"Incremental","provisioningState":"Accepted","timestamp":"2016-05-19T03:02:35.3135125Z","duration":"PT0S","correlationId":"b8e78e98-a10f-4aef-839c-1246a42e8569","providers":[{"namespace":"Microsoft.DocumentDB","resourceTypes":[{"resourceType":"databaseAccounts","locations":["westus"]}]}],"dependencies":[],"validatedResources":[{"apiVersion":"2015-04-08","id":"/subscriptions/<AZURE_SUBSCRIPTION_ID>/resourceGroups/RubySDKTest_azure_mgmt_resources/providers/Microsoft.DocumentDB/databaseAccounts/mydocs-test","name":"mydocs-test","type":"Microsoft.DocumentDB/databaseAccounts","location":"westus","properties":{"name":"mydocs-test","databaseAccountOfferType":"Standard"}}]}}'
    http_version: 
  recorded_at: Thu, 19 May 2016 03:02:37 GMT
- request:
    method: post
    uri: https://management.azure.com/subscriptions/<AZURE_SUBSCRIPTION_ID>/resourcegroups/RubySDKTest_azure_mgmt_resources/providers/Microsoft.Resources/deployments/Deployment_test/validate?api-version=2016-02-01
    body:
      encoding: UTF-8
      string: '{"properties":{"templateLink":{"uri":"https://raw.githubusercontent.com/Azure/azure-quickstart-templates/master/101-documentdb-account-create/azuredeploy.json"},"parameters":{"databaseAccountName":{"value":"mydocs-test"}},"mode":"Incremental"}}'
    headers:
      User-Agent:
      - Azure-SDK-For-Ruby/0.2.1/
      x-ms-client-request-id:
      - 140242d1-b249-40a1-a729-a1a91fc76624
      accept-language:
      - en-US
      Content-Type:
      - application/json; charset=utf-8
  response:
    status:
      code: 200
      message: 
    headers:
      cache-control:
      - no-cache
      pragma:
      - no-cache
      content-type:
      - application/json; charset=utf-8
      expires:
      - "-1"
      vary:
      - Accept-Encoding
      x-ms-ratelimit-remaining-subscription-writes:
      - '1198'
      x-ms-request-id:
      - b61b9c4a-d8dc-4572-ba02-64b5cd16d6a7
      x-ms-correlation-request-id:
      - b61b9c4a-d8dc-4572-ba02-64b5cd16d6a7
      x-ms-routing-request-id:
      - WESTUS:20160519T030237Z:b61b9c4a-d8dc-4572-ba02-64b5cd16d6a7
      strict-transport-security:
      - max-age=31536000; includeSubDomains
      date:
      - Thu, 19 May 2016 03:02:36 GMT
      connection:
      - close
      content-length:
      - '734'
    body:
      encoding: ASCII-8BIT
      string: '{"id":"/subscriptions/<AZURE_SUBSCRIPTION_ID>/resourceGroups/RubySDKTest_azure_mgmt_resources/providers/Microsoft.Resources/deployments/Deployment_test","name":"Deployment_test","properties":{"templateLink":{"uri":"https://raw.githubusercontent.com/Azure/azure-quickstart-templates/master/101-documentdb-account-create/azuredeploy.json","contentVersion":"1.0.0.0"},"parameters":{"databaseAccountName":{"type":"String","value":"mydocs-test"}},"mode":"Incremental","provisioningState":"Accepted","timestamp":"2016-05-19T03:02:37.0237269Z","duration":"PT0S","correlationId":"b61b9c4a-d8dc-4572-ba02-64b5cd16d6a7","providers":[{"namespace":"Microsoft.DocumentDB","resourceTypes":[{"resourceType":"databaseAccounts","locations":["westus"]}]}],"dependencies":[],"validatedResources":[{"apiVersion":"2015-04-08","id":"/subscriptions/<AZURE_SUBSCRIPTION_ID>/resourceGroups/RubySDKTest_azure_mgmt_resources/providers/Microsoft.DocumentDB/databaseAccounts/mydocs-test","name":"mydocs-test","type":"Microsoft.DocumentDB/databaseAccounts","location":"westus","properties":{"name":"mydocs-test","databaseAccountOfferType":"Standard"}}]}}'
    http_version: 
  recorded_at: Thu, 19 May 2016 03:02:39 GMT
- request:
    method: post
    uri: https://management.azure.com/subscriptions/<AZURE_SUBSCRIPTION_ID>/resourcegroups/RubySDKTest_azure_mgmt_resources/providers/Microsoft.Resources/deployments/Deployment_test/validate?api-version=2016-02-01
    body:
      encoding: UTF-8
      string: '{"properties":{"templateLink":{"uri":"https://raw.githubusercontent.com/Azure/azure-quickstart-templates/master/101-documentdb-account-create/azuredeploy.json"},"parameters":{"databaseAccountName":{"value":"mydocs-test"}},"mode":"Incremental"}}'
    headers:
      User-Agent:
      - Azure-SDK-For-Ruby/0.2.1/
      x-ms-client-request-id:
      - 0d843b6a-3347-46ed-8b34-6852c8cec9b5
      accept-language:
      - en-US
      Content-Type:
      - application/json; charset=utf-8
  response:
    status:
      code: 200
      message: 
    headers:
      cache-control:
      - no-cache
      pragma:
      - no-cache
      content-type:
      - application/json; charset=utf-8
      expires:
      - "-1"
      vary:
      - Accept-Encoding
      x-ms-ratelimit-remaining-subscription-writes:
      - '1199'
      x-ms-request-id:
      - 73efcca2-6130-4d3d-b058-9758df64a21b
      x-ms-correlation-request-id:
      - 73efcca2-6130-4d3d-b058-9758df64a21b
      x-ms-routing-request-id:
      - WESTUS:20160519T030238Z:73efcca2-6130-4d3d-b058-9758df64a21b
      strict-transport-security:
      - max-age=31536000; includeSubDomains
      date:
      - Thu, 19 May 2016 03:02:38 GMT
      connection:
      - close
      content-length:
      - '734'
    body:
      encoding: ASCII-8BIT
      string: '{"id":"/subscriptions/<AZURE_SUBSCRIPTION_ID>/resourceGroups/RubySDKTest_azure_mgmt_resources/providers/Microsoft.Resources/deployments/Deployment_test","name":"Deployment_test","properties":{"templateLink":{"uri":"https://raw.githubusercontent.com/Azure/azure-quickstart-templates/master/101-documentdb-account-create/azuredeploy.json","contentVersion":"1.0.0.0"},"parameters":{"databaseAccountName":{"type":"String","value":"mydocs-test"}},"mode":"Incremental","provisioningState":"Accepted","timestamp":"2016-05-19T03:02:38.7094296Z","duration":"PT0S","correlationId":"73efcca2-6130-4d3d-b058-9758df64a21b","providers":[{"namespace":"Microsoft.DocumentDB","resourceTypes":[{"resourceType":"databaseAccounts","locations":["westus"]}]}],"dependencies":[],"validatedResources":[{"apiVersion":"2015-04-08","id":"/subscriptions/<AZURE_SUBSCRIPTION_ID>/resourceGroups/RubySDKTest_azure_mgmt_resources/providers/Microsoft.DocumentDB/databaseAccounts/mydocs-test","name":"mydocs-test","type":"Microsoft.DocumentDB/databaseAccounts","location":"westus","properties":{"name":"mydocs-test","databaseAccountOfferType":"Standard"}}]}}'
    http_version: 
  recorded_at: Thu, 19 May 2016 03:02:41 GMT
- request:
    method: post
    uri: https://management.azure.com/subscriptions/<AZURE_SUBSCRIPTION_ID>/resourcegroups/RubySDKTest_azure_mgmt_resources/providers/Microsoft.Resources/deployments/Deployment_test/validate?api-version=2016-02-01
    body:
      encoding: UTF-8
      string: '{"properties":{"templateLink":{"uri":"https://raw.githubusercontent.com/Azure/azure-quickstart-templates/master/101-documentdb-account-create/azuredeploy.json"},"parameters":{"databaseAccountName":{"value":"mydocs-test"}},"mode":"Incremental"}}'
    headers:
      User-Agent:
      - Azure-SDK-For-Ruby/0.2.1/
      x-ms-client-request-id:
      - 265da471-bbcf-4b81-b865-32298ff6fffe
      accept-language:
      - en-US
      Content-Type:
      - application/json; charset=utf-8
  response:
    status:
      code: 200
      message: 
    headers:
      cache-control:
      - no-cache
      pragma:
      - no-cache
      content-type:
      - application/json; charset=utf-8
      expires:
      - "-1"
      vary:
      - Accept-Encoding
      x-ms-ratelimit-remaining-subscription-writes:
      - '1199'
      x-ms-request-id:
      - 7fa9068d-febe-42aa-948c-374cb44473f6
      x-ms-correlation-request-id:
      - 7fa9068d-febe-42aa-948c-374cb44473f6
      x-ms-routing-request-id:
      - WESTUS:20160519T030240Z:7fa9068d-febe-42aa-948c-374cb44473f6
      strict-transport-security:
      - max-age=31536000; includeSubDomains
      date:
      - Thu, 19 May 2016 03:02:40 GMT
      connection:
      - close
      content-length:
      - '733'
    body:
      encoding: ASCII-8BIT
      string: '{"id":"/subscriptions/<AZURE_SUBSCRIPTION_ID>/resourceGroups/RubySDKTest_azure_mgmt_resources/providers/Microsoft.Resources/deployments/Deployment_test","name":"Deployment_test","properties":{"templateLink":{"uri":"https://raw.githubusercontent.com/Azure/azure-quickstart-templates/master/101-documentdb-account-create/azuredeploy.json","contentVersion":"1.0.0.0"},"parameters":{"databaseAccountName":{"type":"String","value":"mydocs-test"}},"mode":"Incremental","provisioningState":"Accepted","timestamp":"2016-05-19T03:02:40.7738224Z","duration":"PT0S","correlationId":"7fa9068d-febe-42aa-948c-374cb44473f6","providers":[{"namespace":"Microsoft.DocumentDB","resourceTypes":[{"resourceType":"databaseAccounts","locations":["westus"]}]}],"dependencies":[],"validatedResources":[{"apiVersion":"2015-04-08","id":"/subscriptions/<AZURE_SUBSCRIPTION_ID>/resourceGroups/RubySDKTest_azure_mgmt_resources/providers/Microsoft.DocumentDB/databaseAccounts/mydocs-test","name":"mydocs-test","type":"Microsoft.DocumentDB/databaseAccounts","location":"westus","properties":{"name":"mydocs-test","databaseAccountOfferType":"Standard"}}]}}'
    http_version: 
  recorded_at: Thu, 19 May 2016 03:02:42 GMT
- request:
    method: post
    uri: https://management.azure.com/subscriptions/<AZURE_SUBSCRIPTION_ID>/resourcegroups/RubySDKTest_azure_mgmt_resources/providers/Microsoft.Resources/deployments/Deployment_test/validate?api-version=2016-02-01
    body:
      encoding: UTF-8
      string: '{"properties":{"templateLink":{"uri":"https://raw.githubusercontent.com/Azure/azure-quickstart-templates/master/101-documentdb-account-create/azuredeploy.json"},"parameters":{"databaseAccountName":{"value":"mydocs-test"}},"mode":"Incremental"}}'
    headers:
      User-Agent:
      - Azure-SDK-For-Ruby/0.2.1/
      x-ms-client-request-id:
      - 18fe5282-2f29-46f1-bb4d-2a61e2e8405b
      accept-language:
      - en-US
      Content-Type:
      - application/json; charset=utf-8
  response:
    status:
      code: 200
      message: 
    headers:
      cache-control:
      - no-cache
      pragma:
      - no-cache
      content-type:
      - application/json; charset=utf-8
      expires:
      - "-1"
      vary:
      - Accept-Encoding
      x-ms-ratelimit-remaining-subscription-writes:
      - '1199'
      x-ms-request-id:
      - becf589a-4489-4894-bec7-45d0d4e6a62f
      x-ms-correlation-request-id:
      - becf589a-4489-4894-bec7-45d0d4e6a62f
      x-ms-routing-request-id:
      - WESTUS:20160519T030242Z:becf589a-4489-4894-bec7-45d0d4e6a62f
      strict-transport-security:
      - max-age=31536000; includeSubDomains
      date:
      - Thu, 19 May 2016 03:02:42 GMT
      connection:
      - close
      content-length:
      - '731'
    body:
      encoding: ASCII-8BIT
      string: '{"id":"/subscriptions/<AZURE_SUBSCRIPTION_ID>/resourceGroups/RubySDKTest_azure_mgmt_resources/providers/Microsoft.Resources/deployments/Deployment_test","name":"Deployment_test","properties":{"templateLink":{"uri":"https://raw.githubusercontent.com/Azure/azure-quickstart-templates/master/101-documentdb-account-create/azuredeploy.json","contentVersion":"1.0.0.0"},"parameters":{"databaseAccountName":{"type":"String","value":"mydocs-test"}},"mode":"Incremental","provisioningState":"Accepted","timestamp":"2016-05-19T03:02:42.5586603Z","duration":"PT0S","correlationId":"becf589a-4489-4894-bec7-45d0d4e6a62f","providers":[{"namespace":"Microsoft.DocumentDB","resourceTypes":[{"resourceType":"databaseAccounts","locations":["westus"]}]}],"dependencies":[],"validatedResources":[{"apiVersion":"2015-04-08","id":"/subscriptions/<AZURE_SUBSCRIPTION_ID>/resourceGroups/RubySDKTest_azure_mgmt_resources/providers/Microsoft.DocumentDB/databaseAccounts/mydocs-test","name":"mydocs-test","type":"Microsoft.DocumentDB/databaseAccounts","location":"westus","properties":{"name":"mydocs-test","databaseAccountOfferType":"Standard"}}]}}'
    http_version: 
  recorded_at: Thu, 19 May 2016 03:02:44 GMT
- request:
    method: post
    uri: https://management.azure.com/subscriptions/<AZURE_SUBSCRIPTION_ID>/resourcegroups/RubySDKTest_azure_mgmt_resources/providers/Microsoft.Resources/deployments/Deployment_test/validate?api-version=2016-02-01
    body:
      encoding: UTF-8
      string: '{"properties":{"templateLink":{"uri":"https://raw.githubusercontent.com/Azure/azure-quickstart-templates/master/101-documentdb-account-create/azuredeploy.json"},"parameters":{"databaseAccountName":{"value":"mydocs-test"}},"mode":"Incremental"}}'
    headers:
      User-Agent:
      - Azure-SDK-For-Ruby/0.2.1/
      x-ms-client-request-id:
      - 82e74fdd-96bb-44c6-8dbd-1027433009cb
      accept-language:
      - en-US
      Content-Type:
      - application/json; charset=utf-8
  response:
    status:
      code: 200
      message: 
    headers:
      cache-control:
      - no-cache
      pragma:
      - no-cache
      content-type:
      - application/json; charset=utf-8
      expires:
      - "-1"
      vary:
      - Accept-Encoding
      x-ms-ratelimit-remaining-subscription-writes:
      - '1198'
      x-ms-request-id:
      - 4c24f152-3545-4d76-b064-4c84758586bb
      x-ms-correlation-request-id:
      - 4c24f152-3545-4d76-b064-4c84758586bb
      x-ms-routing-request-id:
      - WESTUS:20160519T030244Z:4c24f152-3545-4d76-b064-4c84758586bb
      strict-transport-security:
      - max-age=31536000; includeSubDomains
      date:
      - Thu, 19 May 2016 03:02:43 GMT
      connection:
      - close
      content-length:
      - '734'
    body:
      encoding: ASCII-8BIT
      string: '{"id":"/subscriptions/<AZURE_SUBSCRIPTION_ID>/resourceGroups/RubySDKTest_azure_mgmt_resources/providers/Microsoft.Resources/deployments/Deployment_test","name":"Deployment_test","properties":{"templateLink":{"uri":"https://raw.githubusercontent.com/Azure/azure-quickstart-templates/master/101-documentdb-account-create/azuredeploy.json","contentVersion":"1.0.0.0"},"parameters":{"databaseAccountName":{"type":"String","value":"mydocs-test"}},"mode":"Incremental","provisioningState":"Accepted","timestamp":"2016-05-19T03:02:44.3497194Z","duration":"PT0S","correlationId":"4c24f152-3545-4d76-b064-4c84758586bb","providers":[{"namespace":"Microsoft.DocumentDB","resourceTypes":[{"resourceType":"databaseAccounts","locations":["westus"]}]}],"dependencies":[],"validatedResources":[{"apiVersion":"2015-04-08","id":"/subscriptions/<AZURE_SUBSCRIPTION_ID>/resourceGroups/RubySDKTest_azure_mgmt_resources/providers/Microsoft.DocumentDB/databaseAccounts/mydocs-test","name":"mydocs-test","type":"Microsoft.DocumentDB/databaseAccounts","location":"westus","properties":{"name":"mydocs-test","databaseAccountOfferType":"Standard"}}]}}'
    http_version: 
  recorded_at: Thu, 19 May 2016 03:02:46 GMT
- request:
    method: get
    uri: https://management.azure.com/subscriptions/<AZURE_SUBSCRIPTION_ID>/resourcegroups/RubySDKTest_azure_mgmt_resources/deployments/Deployment_test/operations?api-version=2016-02-01
    body:
      encoding: US-ASCII
      string: ''
    headers:
      User-Agent:
      - Azure-SDK-For-Ruby/0.2.1/
      x-ms-client-request-id:
      - 6ddb0c6a-7206-4e49-835b-514902539a7d
      accept-language:
      - en-US
  response:
    status:
      code: 200
      message: 
    headers:
      cache-control:
      - no-cache
      pragma:
      - no-cache
      content-type:
      - application/json; charset=utf-8
      expires:
      - "-1"
      vary:
      - Accept-Encoding
      x-ms-ratelimit-remaining-subscription-reads:
      - '14961'
      x-ms-request-id:
      - 80a7be81-95ee-45f1-9311-c1848c1f420e
      x-ms-correlation-request-id:
      - 80a7be81-95ee-45f1-9311-c1848c1f420e
      x-ms-routing-request-id:
      - WESTUS:20160519T030245Z:80a7be81-95ee-45f1-9311-c1848c1f420e
      strict-transport-security:
      - max-age=31536000; includeSubDomains
      date:
      - Thu, 19 May 2016 03:02:45 GMT
      connection:
      - close
      content-length:
      - '716'
    body:
      encoding: ASCII-8BIT
      string: '{"value":[{"id":"/subscriptions/<AZURE_SUBSCRIPTION_ID>/resourceGroups/RubySDKTest_azure_mgmt_resources/providers/Microsoft.Resources/deployments/Deployment_test/operations/D7909EE321144901","operationId":"D7909EE321144901","properties":{"provisioningOperation":"Create","provisioningState":"Succeeded","timestamp":"2016-05-19T03:02:20.8579947Z","duration":"PT54.3462073S","trackingId":"8225669d-9625-4c9a-b349-e48d0ed3e77e","serviceRequestId":"2f460d49-b1bc-47dd-a526-ab49f6ad902a","statusCode":"OK","targetResource":{"id":"/subscriptions/<AZURE_SUBSCRIPTION_ID>/resourceGroups/RubySDKTest_azure_mgmt_resources/providers/Microsoft.DocumentDB/databaseAccounts/mydocs-test","resourceType":"Microsoft.DocumentDB/databaseAccounts","resourceName":"mydocs-test"}}},{"id":"/subscriptions/<AZURE_SUBSCRIPTION_ID>/resourceGroups/RubySDKTest_azure_mgmt_resources/providers/Microsoft.Resources/deployments/Deployment_test/operations/08587379800006504226","operationId":"08587379800006504226","properties":{"provisioningOperation":"EvaluateDeploymentOutput","provisioningState":"Succeeded","timestamp":"2016-05-19T03:02:22.5432057Z","duration":"PT1.165441S","trackingId":"b30665b9-ee91-45b2-afba-a86b87d06d35","statusCode":"OK","statusMessage":null}}]}'
    http_version: 
  recorded_at: Thu, 19 May 2016 03:02:47 GMT
- request:
    method: delete
    uri: https://management.azure.com/subscriptions/<AZURE_SUBSCRIPTION_ID>/resourcegroups/RubySDKTest_azure_mgmt_resources?api-version=2016-02-01
    body:
      encoding: US-ASCII
      string: ''
    headers:
      User-Agent:
      - Azure-SDK-For-Ruby/0.2.1/
      x-ms-client-request-id:
      - b05a76d0-b1e5-4088-8947-053bc6787859
      accept-language:
      - en-US
  response:
    status:
      code: 202
      message: 
    headers:
      cache-control:
      - no-cache
      pragma:
      - no-cache
      expires:
      - "-1"
      location:
      - https://management.azure.com/subscriptions/<AZURE_SUBSCRIPTION_ID>/operationresults/eyJqb2JJZCI6IlJFU09VUkNFR1JPVVBERUxFVElPTkpPQi1SVUJZU0RLVEVTVDo1RkFaVVJFOjVGTUdNVDo1RlJFU09VUkNFUy1XRVNUVVMiLCJqb2JMb2NhdGlvbiI6Indlc3R1cyJ9?api-version=2016-02-01
      retry-after: '1'
      x-ms-ratelimit-remaining-subscription-writes:
      - '1199'
      x-ms-request-id:
      - 9e3543d6-efe0-4494-9089-c228f54ef2cc
      x-ms-correlation-request-id:
      - 9e3543d6-efe0-4494-9089-c228f54ef2cc
      x-ms-routing-request-id:
      - WESTUS:20160519T030246Z:9e3543d6-efe0-4494-9089-c228f54ef2cc
      strict-transport-security:
      - max-age=31536000; includeSubDomains
      date:
      - Thu, 19 May 2016 03:02:45 GMT
      connection:
      - close
      content-length:
      - '0'
    body:
      encoding: UTF-8
      string: ''
    http_version: 
  recorded_at: Thu, 19 May 2016 03:02:48 GMT
- request:
    method: get
    uri: https://management.azure.com/subscriptions/<AZURE_SUBSCRIPTION_ID>/operationresults/eyJqb2JJZCI6IlJFU09VUkNFR1JPVVBERUxFVElPTkpPQi1SVUJZU0RLVEVTVDo1RkFaVVJFOjVGTUdNVDo1RlJFU09VUkNFUy1XRVNUVVMiLCJqb2JMb2NhdGlvbiI6Indlc3R1cyJ9?api-version=2016-02-01
    body:
      encoding: US-ASCII
      string: ''
    headers:
      User-Agent:
      - Azure-SDK-For-Ruby/0.2.1/
      x-ms-client-request-id:
      - f9be3c4e-f631-412d-b49a-f3aeda12a813
      accept-language:
      - en-US
      Content-Type:
      - application/json
  response:
    status:
      code: 200
      message: 
    headers:
      cache-control:
      - no-cache
      pragma:
      - no-cache
      expires:
      - "-1"
      x-ms-ratelimit-remaining-subscription-reads:
      - '14994'
      x-ms-request-id:
      - 3bdd7aa5-87f8-415e-9f1a-e3015734d1b9
      x-ms-correlation-request-id:
      - 3bdd7aa5-87f8-415e-9f1a-e3015734d1b9
      x-ms-routing-request-id:
      - WESTUS:20160519T030447Z:3bdd7aa5-87f8-415e-9f1a-e3015734d1b9
      strict-transport-security:
      - max-age=31536000; includeSubDomains
      date:
      - Thu, 19 May 2016 03:04:46 GMT
      connection:
      - close
      content-length:
      - '0'
    body:
      encoding: UTF-8
      string: ''
    http_version: 
  recorded_at: Thu, 19 May 2016 03:04:49 GMT
recorded_with: VCR 3.0.1
