---
http_interactions:
- request:
    method: get
    uri: https://login.windows.net/<AZURE_TENANT_ID>/oauth2/token
    body:
      encoding: UTF-8
      string: resource=https%3A%2F%2Fmanagement.core.windows.net%2F&client_id=<AZURE_CLIENT_ID>&client_secret=<AZURE_CLIENT_SECRET>&grant_type=client_credentials
    headers:
      User-Agent:
      - Faraday v0.9.2
      content-type:
      - application/x-www-form-urlencoded
  response:
    status:
      code: 200
      message: 
    headers:
      cache-control:
      - no-cache, no-store
      pragma:
      - no-cache
      content-type:
      - application/json; charset=utf-8
      expires:
      - "-1"
      server:
      - Microsoft-IIS/8.5
      x-ms-request-id:
      - 528138b9-ffb6-4cbf-bf72-e42b5753036f
      client-request-id:
      - e793e3bc-0093-4172-8053-c3cae5f6381c
      x-ms-gateway-service-instanceid:
      - ESTSFE_IN_514
      x-content-type-options:
      - nosniff
      strict-transport-security:
      - max-age=31536000; includeSubDomains
      p3p:
      - CP="DSP CUR OTPi IND OTRi ONL FIN"
      set-cookie:
      - flight-uxoptin=true; path=/; secure; HttpOnly, esctx=AAABAAAAiL9Kn2Z27UubvWFPbm0gLaVFBc9SFU79nt785xIg_ojxAtEh4qMpJumwWLxFyZHKWwZpQ9Ezos1f_VvgvX6980-VQqWpVOHoy5ZI8cb22EmMOyVzaYaKUCO8MNere2g0KhppEv4OuXB2W_s6w3ussgt4ZfXzdEHMzIyJZYbAPjgg7AHb-2-ilj09WvytCx9bIAA;
        domain=.login.windows.net; path=/; secure; HttpOnly, x-ms-gateway-slice=productiona;
        path=/; secure; HttpOnly, stsservicecookie=ests; path=/; secure; HttpOnly
      x-powered-by:
      - ASP.NET
      date:
      - Thu, 19 May 2016 04:47:57 GMT
      connection:
      - close
      content-length:
      - '1234'
    body:
      encoding: UTF-8
      string: '{"token_type":"Bearer","expires_in":"3599","expires_on":"1463636876","not_before":"1463632976","resource":"https://management.core.windows.net/","access_token":"<ACCESS_TOKEN>"}'
    http_version: 
  recorded_at: Thu, 19 May 2016 04:47:56 GMT
- request:
    method: put
    uri: https://management.azure.com/subscriptions/<AZURE_SUBSCRIPTION_ID>/tagNames/testtagname?api-version=2016-02-01
    body:
      encoding: US-ASCII
      string: ''
    headers:
      User-Agent:
      - Azure-SDK-For-Ruby/0.2.1/
      x-ms-client-request-id:
      - 00935fea-c9f3-43e4-b2bd-d8c1d9999a50
      accept-language:
      - en-US
  response:
    status:
      code: 201
      message: 
    headers:
      cache-control:
      - no-cache
      pragma:
      - no-cache
      content-type:
      - application/json; charset=utf-8
      expires:
      - "-1"
      x-ms-ratelimit-remaining-subscription-writes:
      - '1199'
      x-ms-request-id:
      - ed87ac02-1c8f-4332-ba74-8e7270e7a689
      x-ms-correlation-request-id:
      - ed87ac02-1c8f-4332-ba74-8e7270e7a689
      x-ms-routing-request-id:
      - WESTUS:20160519T044758Z:ed87ac02-1c8f-4332-ba74-8e7270e7a689
      strict-transport-security:
      - max-age=31536000; includeSubDomains
      date:
      - Thu, 19 May 2016 04:47:57 GMT
      connection:
      - close
      content-length:
      - '152'
    body:
      encoding: UTF-8
      string: '{"id":"/subscriptions/<AZURE_SUBSCRIPTION_ID>/tagNames/testtagname","tagName":"testtagname","count":{"type":"Total","value":0},"values":[]}'
    http_version: 
  recorded_at: Thu, 19 May 2016 04:47:57 GMT
- request:
    method: delete
    uri: https://management.azure.com/subscriptions/<AZURE_SUBSCRIPTION_ID>/tagNames/testtagname?api-version=2016-02-01
    body:
      encoding: US-ASCII
      string: ''
    headers:
      User-Agent:
      - Azure-SDK-For-Ruby/0.2.1/
      x-ms-client-request-id:
      - 0555e7e0-9efe-4b2f-8085-670148243840
      accept-language:
      - en-US
  response:
    status:
      code: 200
      message: 
    headers:
      cache-control:
      - no-cache
      pragma:
      - no-cache
      expires:
      - "-1"
      x-ms-ratelimit-remaining-subscription-writes:
      - '1198'
      x-ms-request-id:
      - 939bb458-8a7d-4e73-99f8-678e718badde
      x-ms-correlation-request-id:
      - 939bb458-8a7d-4e73-99f8-678e718badde
      x-ms-routing-request-id:
      - WESTUS:20160519T044759Z:939bb458-8a7d-4e73-99f8-678e718badde
      strict-transport-security:
      - max-age=31536000; includeSubDomains
      date:
      - Thu, 19 May 2016 04:47:58 GMT
      connection:
      - close
      content-length:
      - '0'
    body:
      encoding: UTF-8
      string: ''
    http_version: 
  recorded_at: Thu, 19 May 2016 04:47:58 GMT
recorded_with: VCR 3.0.1
