---
http_interactions:
- request:
    method: get
    uri: https://login.windows.net/<AZURE_TENANT_ID>/oauth2/token
    body:
      encoding: UTF-8
      string: resource=https%3A%2F%2Fmanagement.core.windows.net%2F&client_id=<AZURE_CLIENT_ID>&client_secret=<AZURE_CLIENT_SECRET>&grant_type=client_credentials
    headers:
      User-Agent:
      - Faraday v0.9.2
      content-type:
      - application/x-www-form-urlencoded
  response:
    status:
      code: 200
      message: 
    headers:
      cache-control:
      - no-cache, no-store
      pragma:
      - no-cache
      content-type:
      - application/json; charset=utf-8
      expires:
      - "-1"
      server:
      - Microsoft-IIS/8.5
      x-ms-request-id:
      - 8c85cdd9-9747-4ca1-b404-7b2d41931ffa
      client-request-id:
      - 2ad5e7d5-a618-4106-8e77-249ea87966e3
      x-ms-gateway-service-instanceid:
      - ESTSFE_IN_278
      x-content-type-options:
      - nosniff
      strict-transport-security:
      - max-age=31536000; includeSubDomains
      p3p:
      - CP="DSP CUR OTPi IND OTRi ONL FIN"
      set-cookie:
      - flight-uxoptin=true; path=/; secure; HttpOnly, x-ms-gateway-slice=productionb;
        path=/; secure; HttpOnly, stsservicecookie=ests; path=/; secure; HttpOnly
      x-powered-by:
      - ASP.NET
      date:
      - Fri, 22 Apr 2016 18:19:03 GMT
      connection:
      - close
      content-length:
      - '1234'
    body:
      encoding: UTF-8
      string: '{"token_type":"Bearer","expires_in":"3600","expires_on":"1461352744","not_before":"1461348844","resource":"https://management.core.windows.net/","access_token":"<ACCESS_TOKEN>"}'
    http_version: 
  recorded_at: Fri, 22 Apr 2016 18:19:07 GMT
- request:
    method: put
    uri: https://management.azure.com/subscriptions/<AZURE_SUBSCRIPTION_ID>/tagNames/testtagname?api-version=2015-11-01
    body:
      encoding: US-ASCII
      string: ''
    headers:
      User-Agent:
      - Azure-SDK-For-Ruby/0.2.1/
      x-ms-client-request-id:
      - 5ae73310-1f4e-40a8-8b6c-a86133172e84
      accept-language:
      - en-US
  response:
    status:
      code: 201
      message: 
    headers:
      cache-control:
      - no-cache
      pragma:
      - no-cache
      content-type:
      - application/json; charset=utf-8
      expires:
      - "-1"
      x-ms-ratelimit-remaining-subscription-writes:
      - '1199'
      x-ms-request-id:
      - ee102d2e-a2d0-4e57-8690-b524b80c647d
      x-ms-correlation-request-id:
      - ee102d2e-a2d0-4e57-8690-b524b80c647d
      x-ms-routing-request-id:
      - CENTRALUS:20160422T181904Z:ee102d2e-a2d0-4e57-8690-b524b80c647d
      strict-transport-security:
      - max-age=31536000; includeSubDomains
      date:
      - Fri, 22 Apr 2016 18:19:04 GMT
      connection:
      - close
      content-length:
      - '152'
    body:
      encoding: UTF-8
      string: '{"id":"/subscriptions/<AZURE_SUBSCRIPTION_ID>/tagNames/testtagname","tagName":"testtagname","count":{"type":"Total","value":0},"values":[]}'
    http_version: 
  recorded_at: Fri, 22 Apr 2016 18:19:08 GMT
- request:
    method: put
    uri: https://management.azure.com/subscriptions/<AZURE_SUBSCRIPTION_ID>/tagNames/testtagname/tagValues/testtagvalue?api-version=2015-11-01
    body:
      encoding: US-ASCII
      string: ''
    headers:
      User-Agent:
      - Azure-SDK-For-Ruby/0.2.1/
      x-ms-client-request-id:
      - 70cb9ad5-e2ef-48ee-b9df-d07385515aea
      accept-language:
      - en-US
  response:
    status:
      code: 201
      message: 
    headers:
      cache-control:
      - no-cache
      pragma:
      - no-cache
      content-type:
      - application/json; charset=utf-8
      expires:
      - "-1"
      x-ms-ratelimit-remaining-subscription-writes:
      - '1198'
      x-ms-request-id:
      - abe570e4-2a3d-4f24-be63-98f23f747223
      x-ms-correlation-request-id:
      - abe570e4-2a3d-4f24-be63-98f23f747223
      x-ms-routing-request-id:
      - CENTRALUS:20160422T181905Z:abe570e4-2a3d-4f24-be63-98f23f747223
      strict-transport-security:
      - max-age=31536000; includeSubDomains
      date:
      - Fri, 22 Apr 2016 18:19:04 GMT
      connection:
      - close
      content-length:
      - '165'
    body:
      encoding: UTF-8
      string: '{"id":"/subscriptions/<AZURE_SUBSCRIPTION_ID>/tagNames/testtagname/tagValues/testtagvalue","tagValue":"testtagvalue","count":{"type":"Total","value":0}}'
    http_version: 
  recorded_at: Fri, 22 Apr 2016 18:19:08 GMT
- request:
    method: delete
    uri: https://management.azure.com/subscriptions/<AZURE_SUBSCRIPTION_ID>/tagNames/testtagname/tagValues/testtagvalue?api-version=2015-11-01
    body:
      encoding: US-ASCII
      string: ''
    headers:
      User-Agent:
      - Azure-SDK-For-Ruby/0.2.1/
      x-ms-client-request-id:
      - 90ad8350-e7e2-4f95-b3b2-de8a92be120c
      accept-language:
      - en-US
  response:
    status:
      code: 200
      message: 
    headers:
      cache-control:
      - no-cache
      pragma:
      - no-cache
      expires:
      - "-1"
      x-ms-ratelimit-remaining-subscription-writes:
      - '1199'
      x-ms-request-id:
      - fdd2f73d-662c-483a-9cf5-713cab531e75
      x-ms-correlation-request-id:
      - fdd2f73d-662c-483a-9cf5-713cab531e75
      x-ms-routing-request-id:
      - CENTRALUS:20160422T181906Z:fdd2f73d-662c-483a-9cf5-713cab531e75
      strict-transport-security:
      - max-age=31536000; includeSubDomains
      date:
      - Fri, 22 Apr 2016 18:19:05 GMT
      connection:
      - close
      content-length:
      - '0'
    body:
      encoding: UTF-8
      string: ''
    http_version: 
  recorded_at: Fri, 22 Apr 2016 18:19:09 GMT
- request:
    method: delete
    uri: https://management.azure.com/subscriptions/<AZURE_SUBSCRIPTION_ID>/tagNames/testtagname?api-version=2015-11-01
    body:
      encoding: US-ASCII
      string: ''
    headers:
      User-Agent:
      - Azure-SDK-For-Ruby/0.2.1/
      x-ms-client-request-id:
      - 732ccd17-243d-4879-b341-1d471fd7ba71
      accept-language:
      - en-US
  response:
    status:
      code: 200
      message: 
    headers:
      cache-control:
      - no-cache
      pragma:
      - no-cache
      expires:
      - "-1"
      x-ms-ratelimit-remaining-subscription-writes:
      - '1199'
      x-ms-request-id:
      - d2018d28-f36f-4f9f-ba21-90ce1ba27c61
      x-ms-correlation-request-id:
      - d2018d28-f36f-4f9f-ba21-90ce1ba27c61
      x-ms-routing-request-id:
      - CENTRALUS:20160422T181906Z:d2018d28-f36f-4f9f-ba21-90ce1ba27c61
      strict-transport-security:
      - max-age=31536000; includeSubDomains
      date:
      - Fri, 22 Apr 2016 18:19:06 GMT
      connection:
      - close
      content-length:
      - '0'
    body:
      encoding: UTF-8
      string: ''
    http_version: 
  recorded_at: Fri, 22 Apr 2016 18:19:10 GMT
recorded_with: VCR 3.0.1
