---
http_interactions:
- request:
    method: get
    uri: https://login.windows.net/<AZURE_TENANT_ID>/oauth2/token
    body:
      encoding: UTF-8
      string: resource=https%3A%2F%2Fmanagement.core.windows.net%2F&client_id=<AZURE_CLIENT_ID>&client_secret=<AZURE_CLIENT_SECRET>&grant_type=client_credentials
    headers:
      User-Agent:
      - Faraday v0.9.2
      content-type:
      - application/x-www-form-urlencoded
  response:
    status:
      code: 200
      message: 
    headers:
      cache-control:
      - no-cache, no-store
      pragma:
      - no-cache
      content-type:
      - application/json; charset=utf-8
      expires:
      - "-1"
      server:
      - Microsoft-IIS/8.5
      x-ms-request-id:
      - eac493b8-b9ab-44f8-90a0-b563b4e085a7
      client-request-id:
      - e3306de5-fa5b-4dee-8be2-4c59a1f87768
      x-ms-gateway-service-instanceid:
      - ESTSFE_IN_503
      x-content-type-options:
      - nosniff
      strict-transport-security:
      - max-age=31536000; includeSubDomains
      p3p:
      - CP="DSP CUR OTPi IND OTRi ONL FIN"
      set-cookie:
      - flight-uxoptin=true; path=/; secure; HttpOnly, x-ms-gateway-slice=productionb;
        path=/; secure; HttpOnly, stsservicecookie=ests; path=/; secure; HttpOnly
      x-powered-by:
      - ASP.NET
      date:
      - Fri, 22 Apr 2016 23:01:45 GMT
      connection:
      - close
      content-length:
      - '1234'
    body:
      encoding: UTF-8
      string: '{"token_type":"Bearer","expires_in":"3599","expires_on":"1461369704","not_before":"1461365804","resource":"https://management.core.windows.net/","access_token":"<ACCESS_TOKEN>"}'
    http_version: 
  recorded_at: Fri, 22 Apr 2016 23:01:47 GMT
- request:
    method: put
    uri: https://management.azure.com/subscriptions/<AZURE_SUBSCRIPTION_ID>/resourcegroups/RubySDKTest_azure_mgmt_resources?api-version=2015-11-01
    body:
      encoding: UTF-8
      string: '{"location":"westus"}'
    headers:
      User-Agent:
      - Azure-SDK-For-Ruby/0.2.1/
      x-ms-client-request-id:
      - 1bcb171c-31eb-4818-a748-b8b6f339ba85
      accept-language:
      - en-US
      Content-Type:
      - application/json; charset=utf-8
  response:
    status:
      code: 201
      message: 
    headers:
      cache-control:
      - no-cache
      pragma:
      - no-cache
      content-length:
      - '217'
      content-type:
      - application/json; charset=utf-8
      expires:
      - "-1"
      x-ms-ratelimit-remaining-subscription-writes:
      - '1199'
      x-ms-request-id:
      - 6f5ada0f-aa08-46d0-b194-eac5c66c9979
      x-ms-correlation-request-id:
      - 6f5ada0f-aa08-46d0-b194-eac5c66c9979
      x-ms-routing-request-id:
      - CENTRALUS:20160422T230145Z:6f5ada0f-aa08-46d0-b194-eac5c66c9979
      strict-transport-security:
      - max-age=31536000; includeSubDomains
      date:
      - Fri, 22 Apr 2016 23:01:45 GMT
      connection:
      - close
    body:
      encoding: UTF-8
      string: '{"id":"/subscriptions/<AZURE_SUBSCRIPTION_ID>/resourceGroups/RubySDKTest_azure_mgmt_resources","name":"RubySDKTest_azure_mgmt_resources","location":"westus","properties":{"provisioningState":"Succeeded"}}'
    http_version: 
  recorded_at: Fri, 22 Apr 2016 23:01:48 GMT
- request:
    method: get
    uri: https://management.azure.com/subscriptions/<AZURE_SUBSCRIPTION_ID>/resources?api-version=2015-11-01
    body:
      encoding: US-ASCII
      string: ''
    headers:
      User-Agent:
      - Azure-SDK-For-Ruby/0.2.1/
      x-ms-client-request-id:
      - c141797a-d1ca-4d9a-adda-e6039484da5e
      accept-language:
      - en-US
  response:
    status:
      code: 200
      message: 
    headers:
      cache-control:
      - no-cache
      pragma:
      - no-cache
      content-type:
      - application/json; charset=utf-8
      expires:
      - "-1"
      vary:
      - Accept-Encoding
      x-ms-ratelimit-remaining-subscription-reads:
      - '14999'
      x-ms-request-id:
      - 2847f58a-86ed-47db-97d5-e1605ff02dd4
      x-ms-correlation-request-id:
      - 2847f58a-86ed-47db-97d5-e1605ff02dd4
      x-ms-routing-request-id:
      - CENTRALUS:20160422T230145Z:2847f58a-86ed-47db-97d5-e1605ff02dd4
      strict-transport-security:
      - max-age=31536000; includeSubDomains
      date:
      - Fri, 22 Apr 2016 23:01:45 GMT
      connection:
      - close
      content-length:
      - '482'
    body:
      encoding: ASCII-8BIT
      string: '{"value":[{"id":"/subscriptions/<AZURE_SUBSCRIPTION_ID>/resourceGroups/Default-ServiceBus-WestUS/providers/Microsoft.ServiceBus/namespaces/rubysdktestsb","name":"rubysdktestsb","type":"Microsoft.ServiceBus/namespaces","kind":"Messaging","location":"westus","tags":{}},{"id":"/subscriptions/<AZURE_SUBSCRIPTION_ID>/resourceGroups/Default-Storage-SoutheastAsia/providers/Microsoft.ClassicStorage/storageAccounts/sa4375943275","name":"sa4375943275","type":"Microsoft.ClassicStorage/storageAccounts","location":"southeastasia"},{"id":"/subscriptions/<AZURE_SUBSCRIPTION_ID>/resourceGroups/vishrutrg/providers/Microsoft.KeyVault/vaults/vishrutkv1","name":"vishrutkv1","type":"Microsoft.KeyVault/vaults","location":"westus","tags":{}},{"id":"/subscriptions/<AZURE_SUBSCRIPTION_ID>/resourceGroups/vishrutrg/providers/Microsoft.Storage/storageAccounts/vishrutrg","name":"vishrutrg","type":"Microsoft.Storage/storageAccounts","location":"westus","tags":{}},{"id":"/subscriptions/<AZURE_SUBSCRIPTION_ID>/resourceGroups/vishrutrg/providers/Microsoft.Storage/storageAccounts/vishrutsa","name":"vishrutsa","type":"Microsoft.Storage/storageAccounts","location":"westus","tags":{}},{"id":"/subscriptions/<AZURE_SUBSCRIPTION_ID>/resourceGroups/vishrutrg/providers/Microsoft.Storage/storageAccounts/vishrutsa1","name":"vishrutsa1","type":"Microsoft.Storage/storageAccounts","location":"westus","tags":{}}]}'
    http_version: 
  recorded_at: Fri, 22 Apr 2016 23:01:49 GMT
- request:
    method: delete
    uri: https://management.azure.com/subscriptions/<AZURE_SUBSCRIPTION_ID>/resourcegroups/RubySDKTest_azure_mgmt_resources?api-version=2015-11-01
    body:
      encoding: US-ASCII
      string: ''
    headers:
      User-Agent:
      - Azure-SDK-For-Ruby/0.2.1/
      x-ms-client-request-id:
      - 2d266d32-58bc-43b3-959b-54eedc9c5f58
      accept-language:
      - en-US
  response:
    status:
      code: 202
      message: 
    headers:
      cache-control:
      - no-cache
      pragma:
      - no-cache
      expires:
      - "-1"
      location:
      - https://management.azure.com/subscriptions/<AZURE_SUBSCRIPTION_ID>/operationresults/eyJqb2JJZCI6IlJFU09VUkNFR1JPVVBERUxFVElPTkpPQi1SVUJZU0RLVEVTVDo1RkFaVVJFOjVGTUdNVDo1RlJFU09VUkNFUy1XRVNUVVMiLCJqb2JMb2NhdGlvbiI6Indlc3R1cyJ9?api-version=2015-11-01
      retry-after: '1'
      x-ms-ratelimit-remaining-subscription-writes:
      - '1199'
      x-ms-request-id:
      - b1d2fe93-9469-40cf-b1d3-b111b8a9201a
      x-ms-correlation-request-id:
      - b1d2fe93-9469-40cf-b1d3-b111b8a9201a
      x-ms-routing-request-id:
      - CENTRALUS:20160422T230147Z:b1d2fe93-9469-40cf-b1d3-b111b8a9201a
      strict-transport-security:
      - max-age=31536000; includeSubDomains
      date:
      - Fri, 22 Apr 2016 23:01:47 GMT
      connection:
      - close
      content-length:
      - '0'
    body:
      encoding: UTF-8
      string: ''
    http_version: 
  recorded_at: Fri, 22 Apr 2016 23:01:51 GMT
- request:
    method: get
    uri: https://management.azure.com/subscriptions/<AZURE_SUBSCRIPTION_ID>/operationresults/eyJqb2JJZCI6IlJFU09VUkNFR1JPVVBERUxFVElPTkpPQi1SVUJZU0RLVEVTVDo1RkFaVVJFOjVGTUdNVDo1RlJFU09VUkNFUy1XRVNUVVMiLCJqb2JMb2NhdGlvbiI6Indlc3R1cyJ9?api-version=2015-11-01
    body:
      encoding: US-ASCII
      string: ''
    headers:
      User-Agent:
      - Azure-SDK-For-Ruby/0.2.1/
      x-ms-client-request-id:
      - 113679b7-bc43-410a-bbf6-41aa6b4f7b1f
      accept-language:
      - en-US
      Content-Type:
      - application/json
  response:
    status:
      code: 200
      message: 
    headers:
      cache-control:
      - no-cache
      pragma:
      - no-cache
      expires:
      - "-1"
      x-ms-ratelimit-remaining-subscription-reads:
      - '14999'
      x-ms-request-id:
      - 6a55de06-145d-427a-8a91-ebcd4f3479fa
      x-ms-correlation-request-id:
      - 6a55de06-145d-427a-8a91-ebcd4f3479fa
      x-ms-routing-request-id:
      - CENTRALUS:20160422T230249Z:6a55de06-145d-427a-8a91-ebcd4f3479fa
      strict-transport-security:
      - max-age=31536000; includeSubDomains
      date:
      - Fri, 22 Apr 2016 23:02:48 GMT
      connection:
      - close
      content-length:
      - '0'
    body:
      encoding: UTF-8
      string: ''
    http_version: 
  recorded_at: Fri, 22 Apr 2016 23:02:52 GMT
recorded_with: VCR 3.0.1
