---
http_interactions:
- request:
    method: get
    uri: https://login.windows.net/<AZURE_TENANT_ID>/oauth2/token
    body:
      encoding: UTF-8
      string: resource=https%3A%2F%2Fmanagement.core.windows.net%2F&client_id=<AZURE_CLIENT_ID>&client_secret=<AZURE_CLIENT_SECRET>&grant_type=client_credentials
    headers:
      User-Agent:
      - Faraday v0.9.2
      content-type:
      - application/x-www-form-urlencoded
  response:
    status:
      code: 200
      message: 
    headers:
      cache-control:
      - no-cache, no-store
      pragma:
      - no-cache
      content-type:
      - application/json; charset=utf-8
      expires:
      - "-1"
      server:
      - Microsoft-IIS/8.5
      x-ms-request-id:
      - ef06e43c-b1bc-4ed4-a82a-c96edeede94a
      client-request-id:
      - 29fc1aec-52d2-474d-828e-3c48d1c0e532
      x-ms-gateway-service-instanceid:
      - ESTSFE_IN_473
      x-content-type-options:
      - nosniff
      strict-transport-security:
      - max-age=31536000; includeSubDomains
      p3p:
      - CP="DSP CUR OTPi IND OTRi ONL FIN"
      set-cookie:
      - flight-uxoptin=true; path=/; secure; HttpOnly, x-ms-gateway-slice=productionb;
        path=/; secure; HttpOnly, stsservicecookie=ests; path=/; secure; HttpOnly
      x-powered-by:
      - ASP.NET
      date:
      - Fri, 22 Apr 2016 20:55:31 GMT
      connection:
      - close
      content-length:
      - '1234'
    body:
      encoding: UTF-8
      string: '{"token_type":"Bearer","expires_in":"3599","expires_on":"1461362132","not_before":"1461358232","resource":"https://management.core.windows.net/","access_token":"<ACCESS_TOKEN>"}'
    http_version: 
  recorded_at: Fri, 22 Apr 2016 20:55:35 GMT
- request:
    method: put
    uri: https://management.azure.com/subscriptions/<AZURE_SUBSCRIPTION_ID>/resourcegroups/RubySDKTest_azure_mgmt_resources?api-version=2015-11-01
    body:
      encoding: UTF-8
      string: '{"location":"westus"}'
    headers:
      User-Agent:
      - Azure-SDK-For-Ruby/0.2.1/
      x-ms-client-request-id:
      - 08af0fd5-eda9-4d22-aa62-dfa58618ae15
      accept-language:
      - en-US
      Content-Type:
      - application/json; charset=utf-8
  response:
    status:
      code: 201
      message: 
    headers:
      cache-control:
      - no-cache
      pragma:
      - no-cache
      content-length:
      - '217'
      content-type:
      - application/json; charset=utf-8
      expires:
      - "-1"
      x-ms-ratelimit-remaining-subscription-writes:
      - '1199'
      x-ms-request-id:
      - 0c3b4ae4-bfe5-4ed2-8683-08e3e4e39898
      x-ms-correlation-request-id:
      - 0c3b4ae4-bfe5-4ed2-8683-08e3e4e39898
      x-ms-routing-request-id:
      - WESTUS:20160422T205533Z:0c3b4ae4-bfe5-4ed2-8683-08e3e4e39898
      strict-transport-security:
      - max-age=31536000; includeSubDomains
      date:
      - Fri, 22 Apr 2016 20:55:32 GMT
      connection:
      - close
    body:
      encoding: UTF-8
      string: '{"id":"/subscriptions/<AZURE_SUBSCRIPTION_ID>/resourceGroups/RubySDKTest_azure_mgmt_resources","name":"RubySDKTest_azure_mgmt_resources","location":"westus","properties":{"provisioningState":"Succeeded"}}'
    http_version: 
  recorded_at: Fri, 22 Apr 2016 20:55:36 GMT
- request:
    method: get
    uri: https://management.azure.com/subscriptions/<AZURE_SUBSCRIPTION_ID>/resourcegroups?api-version=2015-11-01
    body:
      encoding: US-ASCII
      string: ''
    headers:
      User-Agent:
      - Azure-SDK-For-Ruby/0.2.1/
      x-ms-client-request-id:
      - 2604c07b-5560-49a2-a8e8-c7acc16375b8
      accept-language:
      - en-US
  response:
    status:
      code: 200
      message: 
    headers:
      cache-control:
      - no-cache
      pragma:
      - no-cache
      content-type:
      - application/json; charset=utf-8
      expires:
      - "-1"
      vary:
      - Accept-Encoding
      x-ms-ratelimit-remaining-subscription-reads:
      - '14999'
      x-ms-request-id:
      - 0e389326-dc71-4068-96e3-962006f8ef60
      x-ms-correlation-request-id:
      - 0e389326-dc71-4068-96e3-962006f8ef60
      x-ms-routing-request-id:
      - WESTUS:20160422T205533Z:0e389326-dc71-4068-96e3-962006f8ef60
      strict-transport-security:
      - max-age=31536000; includeSubDomains
      date:
      - Fri, 22 Apr 2016 20:55:33 GMT
      connection:
      - close
      content-length:
      - '376'
    body:
      encoding: ASCII-8BIT
      string: '{"value":[{"id":"/subscriptions/<AZURE_SUBSCRIPTION_ID>/resourceGroups/Default-ServiceBus-WestUS","name":"Default-ServiceBus-WestUS","location":"westus","properties":{"provisioningState":"Succeeded"}},{"id":"/subscriptions/<AZURE_SUBSCRIPTION_ID>/resourceGroups/Default-Storage-SoutheastAsia","name":"Default-Storage-SoutheastAsia","location":"southeastasia","properties":{"provisioningState":"Succeeded"}},{"id":"/subscriptions/<AZURE_SUBSCRIPTION_ID>/resourceGroups/RubySDKTest_azure_mgmt_resources","name":"RubySDKTest_azure_mgmt_resources","location":"westus","properties":{"provisioningState":"Succeeded"}},{"id":"/subscriptions/<AZURE_SUBSCRIPTION_ID>/resourceGroups/vishrutrg","name":"vishrutrg","location":"westus","properties":{"provisioningState":"Succeeded"}}]}'
    http_version: 
  recorded_at: Fri, 22 Apr 2016 20:55:36 GMT
- request:
    method: delete
    uri: https://management.azure.com/subscriptions/<AZURE_SUBSCRIPTION_ID>/resourcegroups/RubySDKTest_azure_mgmt_resources?api-version=2015-11-01
    body:
      encoding: US-ASCII
      string: ''
    headers:
      User-Agent:
      - Azure-SDK-For-Ruby/0.2.1/
      x-ms-client-request-id:
      - 02684a3d-0cee-48b8-a18d-ad4bbce9153b
      accept-language:
      - en-US
  response:
    status:
      code: 202
      message: 
    headers:
      cache-control:
      - no-cache
      pragma:
      - no-cache
      expires:
      - "-1"
      location:
      - https://management.azure.com/subscriptions/<AZURE_SUBSCRIPTION_ID>/operationresults/eyJqb2JJZCI6IlJFU09VUkNFR1JPVVBERUxFVElPTkpPQi1SVUJZU0RLVEVTVDo1RkFaVVJFOjVGTUdNVDo1RlJFU09VUkNFUy1XRVNUVVMiLCJqb2JMb2NhdGlvbiI6Indlc3R1cyJ9?api-version=2015-11-01
      retry-after: '1'
      x-ms-ratelimit-remaining-subscription-writes:
      - '1199'
      x-ms-request-id:
      - 34c66061-dedd-4f5c-a9d0-3b4e7c415981
      x-ms-correlation-request-id:
      - 34c66061-dedd-4f5c-a9d0-3b4e7c415981
      x-ms-routing-request-id:
      - WESTUS:20160422T205534Z:34c66061-dedd-4f5c-a9d0-3b4e7c415981
      strict-transport-security:
      - max-age=31536000; includeSubDomains
      date:
      - Fri, 22 Apr 2016 20:55:34 GMT
      connection:
      - close
      content-length:
      - '0'
    body:
      encoding: UTF-8
      string: ''
    http_version: 
  recorded_at: Fri, 22 Apr 2016 20:55:37 GMT
- request:
    method: get
    uri: https://management.azure.com/subscriptions/<AZURE_SUBSCRIPTION_ID>/operationresults/eyJqb2JJZCI6IlJFU09VUkNFR1JPVVBERUxFVElPTkpPQi1SVUJZU0RLVEVTVDo1RkFaVVJFOjVGTUdNVDo1RlJFU09VUkNFUy1XRVNUVVMiLCJqb2JMb2NhdGlvbiI6Indlc3R1cyJ9?api-version=2015-11-01
    body:
      encoding: US-ASCII
      string: ''
    headers:
      User-Agent:
      - Azure-SDK-For-Ruby/0.2.1/
      x-ms-client-request-id:
      - 07bc1eed-2625-4034-a04d-7c6e32796c26
      accept-language:
      - en-US
      Content-Type:
      - application/json
  response:
    status:
      code: 200
      message: 
    headers:
      cache-control:
      - no-cache
      pragma:
      - no-cache
      expires:
      - "-1"
      x-ms-ratelimit-remaining-subscription-reads:
      - '14997'
      x-ms-request-id:
      - f91c8abb-b6e2-4f7d-9c44-05762cfb9396
      x-ms-correlation-request-id:
      - f91c8abb-b6e2-4f7d-9c44-05762cfb9396
      x-ms-routing-request-id:
      - WESTUS:20160422T205634Z:f91c8abb-b6e2-4f7d-9c44-05762cfb9396
      strict-transport-security:
      - max-age=31536000; includeSubDomains
      date:
      - Fri, 22 Apr 2016 20:56:34 GMT
      connection:
      - close
      content-length:
      - '0'
    body:
      encoding: UTF-8
      string: ''
    http_version: 
  recorded_at: Fri, 22 Apr 2016 20:56:37 GMT
recorded_with: VCR 3.0.1
