---
http_interactions:
- request:
    method: get
    uri: https://login.windows.net/<AZURE_TENANT_ID>/oauth2/token
    body:
      encoding: UTF-8
      string: resource=https%3A%2F%2Fmanagement.core.windows.net%2F&client_id=<AZURE_CLIENT_ID>&client_secret=<AZURE_CLIENT_SECRET>&grant_type=client_credentials
    headers:
      User-Agent:
      - Faraday v0.9.2
      content-type:
      - application/x-www-form-urlencoded
  response:
    status:
      code: 200
      message: 
    headers:
      cache-control:
      - no-cache, no-store
      pragma:
      - no-cache
      content-type:
      - application/json; charset=utf-8
      expires:
      - "-1"
      server:
      - Microsoft-IIS/8.5
      x-ms-request-id:
      - 63bb60a2-e155-497f-9fdf-2e697e7b2e28
      client-request-id:
      - 8bf391c2-c0dc-4b12-b2b4-c4da19198fd9
      x-ms-gateway-service-instanceid:
      - ESTSFE_IN_85
      x-content-type-options:
      - nosniff
      strict-transport-security:
      - max-age=31536000; includeSubDomains
      p3p:
      - CP="DSP CUR OTPi IND OTRi ONL FIN"
      set-cookie:
      - flight-uxoptin=true; path=/; secure; HttpOnly, esctx=AAABAAAAiL9Kn2Z27UubvWFPbm0gLV7vom9v9Ut9MI6-2wfAHV8ZR26433OzspoR1zNuXtLqWiSU7GwBcEoeRZnw1T1MvvNC5Gb1Y1njixGMiWoLID4NvvH8G1kimbpywdFGTBTvVZuFKe9ftRvrVGERKQr80xWRtriYlf4FYymmZnkGCQEaoEKNhIeNEKHrFbRae32rIAA;
        domain=.login.windows.net; path=/; secure; HttpOnly, x-ms-gateway-slice=productiona;
        path=/; secure; HttpOnly, stsservicecookie=ests; path=/; secure; HttpOnly
      x-powered-by:
      - ASP.NET
      date:
      - Thu, 19 May 2016 06:25:21 GMT
      connection:
      - close
      content-length:
      - '1234'
    body:
      encoding: UTF-8
      string: '{"token_type":"Bearer","expires_in":"3600","expires_on":"1463642719","not_before":"1463638819","resource":"https://management.core.windows.net/","access_token":"<ACCESS_TOKEN>"}'
    http_version: 
  recorded_at: Thu, 19 May 2016 06:25:20 GMT
- request:
    method: put
    uri: https://management.azure.com/subscriptions/<AZURE_SUBSCRIPTION_ID>/resourcegroups/RubySDKTest_azure_mgmt_network?api-version=2016-02-01
    body:
      encoding: UTF-8
      string: '{"location":"westus"}'
    headers:
      User-Agent:
      - Azure-SDK-For-Ruby/0.2.1/
      x-ms-client-request-id:
      - 6764709e-f1f4-4e05-a01d-1a0683417e8f
      accept-language:
      - en-US
      Content-Type:
      - application/json; charset=utf-8
  response:
    status:
      code: 201
      message: 
    headers:
      cache-control:
      - no-cache
      pragma:
      - no-cache
      content-length:
      - '213'
      content-type:
      - application/json; charset=utf-8
      expires:
      - "-1"
      x-ms-ratelimit-remaining-subscription-writes:
      - '1198'
      x-ms-request-id:
      - 29e8d0a0-b740-4f1b-890e-7b5c5ce1b5f3
      x-ms-correlation-request-id:
      - 29e8d0a0-b740-4f1b-890e-7b5c5ce1b5f3
      x-ms-routing-request-id:
      - WESTUS:20160519T062521Z:29e8d0a0-b740-4f1b-890e-7b5c5ce1b5f3
      strict-transport-security:
      - max-age=31536000; includeSubDomains
      date:
      - Thu, 19 May 2016 06:25:20 GMT
      connection:
      - close
    body:
      encoding: UTF-8
      string: '{"id":"/subscriptions/<AZURE_SUBSCRIPTION_ID>/resourceGroups/RubySDKTest_azure_mgmt_network","name":"RubySDKTest_azure_mgmt_network","location":"westus","properties":{"provisioningState":"Succeeded"}}'
    http_version: 
  recorded_at: Thu, 19 May 2016 06:25:20 GMT
- request:
    method: put
    uri: https://management.azure.com/subscriptions/<AZURE_SUBSCRIPTION_ID>/resourceGroups/RubySDKTest_azure_mgmt_network/providers/Microsoft.Network/loadBalancers/load_balancer_test?api-version=2016-06-01
    body:
      encoding: UTF-8
      string: '{"name":"load_balancer_test","location":"westus"}'
    headers:
      User-Agent:
      - Azure-SDK-For-Ruby/0.2.1/
      x-ms-client-request-id:
      - c81f82c3-02af-43dd-b594-3070c44fee07
      accept-language:
      - en-US
      Content-Type:
      - application/json; charset=utf-8
  response:
    status:
      code: 201
      message: 
    headers:
      cache-control:
      - no-cache
      pragma:
      - no-cache
      content-length:
      - '663'
      content-type:
      - application/json; charset=utf-8
      expires:
      - "-1"
      x-ms-request-id:
      - 07df4e07-370b-4f42-8eae-689ede85e16d
      azure-asyncoperation:
      - https://management.azure.com/subscriptions/<AZURE_SUBSCRIPTION_ID>/providers/Microsoft.Network/locations/westus/operations/07df4e07-370b-4f42-8eae-689ede85e16d?api-version=2016-06-01
      strict-transport-security:
      - max-age=31536000; includeSubDomains
      server:
      - Microsoft-HTTPAPI/2.0, Microsoft-HTTPAPI/2.0
      x-ms-ratelimit-remaining-subscription-writes:
      - '1198'
      x-ms-correlation-request-id:
      - be9703ef-71ee-4104-8bb8-b506dbfd7fbf
      x-ms-routing-request-id:
      - WESTUS:20160519T062522Z:be9703ef-71ee-4104-8bb8-b506dbfd7fbf
      date:
      - Thu, 19 May 2016 06:25:21 GMT
      connection:
      - close
    body:
      encoding: UTF-8
      string: "{\r\n  \"name\": \"load_balancer_test\",\r\n  \"id\": \"/subscriptions/<AZURE_SUBSCRIPTION_ID>/resourceGroups/RubySDKTest_azure_mgmt_network/providers/Microsoft.Network/loadBalancers/load_balancer_test\",\r\n
        \ \"etag\": \"W/\\\"1880dac8-52f8-41cb-aed7-8cdf13942a83\\\"\",\r\n  \"type\":
        \"Microsoft.Network/loadBalancers\",\r\n  \"location\": \"westus\",\r\n  \"properties\":
        {\r\n    \"provisioningState\": \"Succeeded\",\r\n    \"resourceGuid\": \"84e161fe-7cf8-40ad-a791-3555b5c884c3\",\r\n
        \   \"frontendIPConfigurations\": [],\r\n    \"backendAddressPools\": [],\r\n
        \   \"loadBalancingRules\": [],\r\n    \"probes\": [],\r\n    \"inboundNatRules\":
        [],\r\n    \"outboundNatRules\": [],\r\n    \"inboundNatPools\": []\r\n  }\r\n}"
    http_version: 
  recorded_at: Thu, 19 May 2016 06:25:21 GMT
- request:
    method: delete
    uri: https://management.azure.com/subscriptions/<AZURE_SUBSCRIPTION_ID>/resourcegroups/RubySDKTest_azure_mgmt_network?api-version=2016-02-01
    body:
      encoding: US-ASCII
      string: ''
    headers:
      User-Agent:
      - Azure-SDK-For-Ruby/0.2.1/
      x-ms-client-request-id:
      - 347c65b4-2517-45de-9ea7-7964c62afead
      accept-language:
      - en-US
  response:
    status:
      code: 202
      message: 
    headers:
      cache-control:
      - no-cache
      pragma:
      - no-cache
      expires:
      - "-1"
      location:
      - https://management.azure.com/subscriptions/<AZURE_SUBSCRIPTION_ID>/operationresults/eyJqb2JJZCI6IlJFU09VUkNFR1JPVVBERUxFVElPTkpPQi1SVUJZU0RLVEVTVDo1RkFaVVJFOjVGTUdNVDo1Rk5FVFdPUkstV0VTVFVTIiwiam9iTG9jYXRpb24iOiJ3ZXN0dXMifQ?api-version=2016-02-01
      retry-after: '1'
      x-ms-ratelimit-remaining-subscription-writes:
      - '1198'
      x-ms-request-id:
      - c33a9aa6-ad37-445c-8f26-6c56469f8aec
      x-ms-correlation-request-id:
      - c33a9aa6-ad37-445c-8f26-6c56469f8aec
      x-ms-routing-request-id:
      - WESTUS:20160519T062522Z:c33a9aa6-ad37-445c-8f26-6c56469f8aec
      strict-transport-security:
      - max-age=31536000; includeSubDomains
      date:
      - Thu, 19 May 2016 06:25:22 GMT
      connection:
      - close
      content-length:
      - '0'
    body:
      encoding: UTF-8
      string: ''
    http_version: 
  recorded_at: Thu, 19 May 2016 06:25:22 GMT
- request:
    method: get
    uri: https://management.azure.com/subscriptions/<AZURE_SUBSCRIPTION_ID>/operationresults/eyJqb2JJZCI6IlJFU09VUkNFR1JPVVBERUxFVElPTkpPQi1SVUJZU0RLVEVTVDo1RkFaVVJFOjVGTUdNVDo1Rk5FVFdPUkstV0VTVFVTIiwiam9iTG9jYXRpb24iOiJ3ZXN0dXMifQ?api-version=2016-02-01
    body:
      encoding: US-ASCII
      string: ''
    headers:
      User-Agent:
      - Azure-SDK-For-Ruby/0.2.1/
      x-ms-client-request-id:
      - 263d7670-f922-4f24-a718-eaca497ccc7e
      accept-language:
      - en-US
      Content-Type:
      - application/json
  response:
    status:
      code: 200
      message: 
    headers:
      cache-control:
      - no-cache
      pragma:
      - no-cache
      expires:
      - "-1"
      x-ms-ratelimit-remaining-subscription-reads:
      - '14771'
      x-ms-request-id:
      - b2d75043-39aa-47d2-bf7b-36ad6be11843
      x-ms-correlation-request-id:
      - b2d75043-39aa-47d2-bf7b-36ad6be11843
      x-ms-routing-request-id:
      - WESTUS:20160519T062724Z:b2d75043-39aa-47d2-bf7b-36ad6be11843
      strict-transport-security:
      - max-age=31536000; includeSubDomains
      date:
      - Thu, 19 May 2016 06:27:23 GMT
      connection:
      - close
      content-length:
      - '0'
    body:
      encoding: UTF-8
      string: ''
    http_version: 
  recorded_at: Thu, 19 May 2016 06:27:23 GMT
recorded_with: VCR 3.0.1
